<?xml version="1.0" encoding="ISO-8859-1" ?>
<link_info>
   <banner>MSP430 Linker PC v18.1.4.LTS</banner>
   <copyright>Copyright (c) 2003-2018 Texas Instruments Incorporated</copyright>
   <link_time>0x5c1c6bfd</link_time>
   <link_errors>0x0</link_errors>
   <output_file>NeoPixelG2.out</output_file>
   <entry_point>
      <name>_c_int00_noargs</name>
      <address>0xd2b4</address>
   </entry_point>
   <input_file_list>
      <input_file id="fl-2">
         <path>.\</path>
         <kind>object</kind>
         <file>main.obj</file>
         <name>main.obj</name>
      </input_file>
      <input_file id="fl-3">
         <path>.\</path>
         <kind>object</kind>
         <file>ws2812.obj</file>
         <name>ws2812.obj</name>
      </input_file>
      <input_file id="fl-8">
         <kind>object</kind>
         <file>&lt;internal&gt;</file>
         <name>&lt;internal&gt;</name>
      </input_file>
      <input_file id="fl-1e">
         <path>C:\ti\ccsv8\tools\compiler\ti-cgt-msp430_18.1.4.LTS\lib\</path>
         <kind>archive</kind>
         <file>rts430_eabi.lib</file>
         <name>s_round.c.obj</name>
      </input_file>
      <input_file id="fl-1f">
         <path>C:\ti\ccsv8\tools\compiler\ti-cgt-msp430_18.1.4.LTS\lib\</path>
         <kind>archive</kind>
         <file>rts430_eabi.lib</file>
         <name>epilog.asm.obj</name>
      </input_file>
      <input_file id="fl-20">
         <path>C:\ti\ccsv8\tools\compiler\ti-cgt-msp430_18.1.4.LTS\lib\</path>
         <kind>archive</kind>
         <file>rts430_eabi.lib</file>
         <name>fs_cmp.asm.obj</name>
      </input_file>
      <input_file id="fl-21">
         <path>C:\ti\ccsv8\tools\compiler\ti-cgt-msp430_18.1.4.LTS\lib\</path>
         <kind>archive</kind>
         <file>rts430_eabi.lib</file>
         <name>fs_itof.asm.obj</name>
      </input_file>
      <input_file id="fl-22">
         <path>C:\ti\ccsv8\tools\compiler\ti-cgt-msp430_18.1.4.LTS\lib\</path>
         <kind>archive</kind>
         <file>rts430_eabi.lib</file>
         <name>fs_mpy.asm.obj</name>
      </input_file>
      <input_file id="fl-23">
         <path>C:\ti\ccsv8\tools\compiler\ti-cgt-msp430_18.1.4.LTS\lib\</path>
         <kind>archive</kind>
         <file>rts430_eabi.lib</file>
         <name>fs_toi.asm.obj</name>
      </input_file>
      <input_file id="fl-24">
         <path>C:\ti\ccsv8\tools\compiler\ti-cgt-msp430_18.1.4.LTS\lib\</path>
         <kind>archive</kind>
         <file>rts430_eabi.lib</file>
         <name>fs_utof.asm.obj</name>
      </input_file>
      <input_file id="fl-25">
         <path>C:\ti\ccsv8\tools\compiler\ti-cgt-msp430_18.1.4.LTS\lib\</path>
         <kind>archive</kind>
         <file>rts430_eabi.lib</file>
         <name>int00.asm.obj</name>
      </input_file>
      <input_file id="fl-26">
         <path>C:\ti\ccsv8\tools\compiler\ti-cgt-msp430_18.1.4.LTS\lib\</path>
         <kind>archive</kind>
         <file>rts430_eabi.lib</file>
         <name>int02.asm.obj</name>
      </input_file>
      <input_file id="fl-27">
         <path>C:\ti\ccsv8\tools\compiler\ti-cgt-msp430_18.1.4.LTS\lib\</path>
         <kind>archive</kind>
         <file>rts430_eabi.lib</file>
         <name>int03.asm.obj</name>
      </input_file>
      <input_file id="fl-28">
         <path>C:\ti\ccsv8\tools\compiler\ti-cgt-msp430_18.1.4.LTS\lib\</path>
         <kind>archive</kind>
         <file>rts430_eabi.lib</file>
         <name>int05.asm.obj</name>
      </input_file>
      <input_file id="fl-29">
         <path>C:\ti\ccsv8\tools\compiler\ti-cgt-msp430_18.1.4.LTS\lib\</path>
         <kind>archive</kind>
         <file>rts430_eabi.lib</file>
         <name>int06.asm.obj</name>
      </input_file>
      <input_file id="fl-2a">
         <path>C:\ti\ccsv8\tools\compiler\ti-cgt-msp430_18.1.4.LTS\lib\</path>
         <kind>archive</kind>
         <file>rts430_eabi.lib</file>
         <name>int07.asm.obj</name>
      </input_file>
      <input_file id="fl-2b">
         <path>C:\ti\ccsv8\tools\compiler\ti-cgt-msp430_18.1.4.LTS\lib\</path>
         <kind>archive</kind>
         <file>rts430_eabi.lib</file>
         <name>int08.asm.obj</name>
      </input_file>
      <input_file id="fl-2c">
         <path>C:\ti\ccsv8\tools\compiler\ti-cgt-msp430_18.1.4.LTS\lib\</path>
         <kind>archive</kind>
         <file>rts430_eabi.lib</file>
         <name>int09.asm.obj</name>
      </input_file>
      <input_file id="fl-2d">
         <path>C:\ti\ccsv8\tools\compiler\ti-cgt-msp430_18.1.4.LTS\lib\</path>
         <kind>archive</kind>
         <file>rts430_eabi.lib</file>
         <name>int10.asm.obj</name>
      </input_file>
      <input_file id="fl-2e">
         <path>C:\ti\ccsv8\tools\compiler\ti-cgt-msp430_18.1.4.LTS\lib\</path>
         <kind>archive</kind>
         <file>rts430_eabi.lib</file>
         <name>int11.asm.obj</name>
      </input_file>
      <input_file id="fl-2f">
         <path>C:\ti\ccsv8\tools\compiler\ti-cgt-msp430_18.1.4.LTS\lib\</path>
         <kind>archive</kind>
         <file>rts430_eabi.lib</file>
         <name>int12.asm.obj</name>
      </input_file>
      <input_file id="fl-30">
         <path>C:\ti\ccsv8\tools\compiler\ti-cgt-msp430_18.1.4.LTS\lib\</path>
         <kind>archive</kind>
         <file>rts430_eabi.lib</file>
         <name>int13.asm.obj</name>
      </input_file>
      <input_file id="fl-31">
         <path>C:\ti\ccsv8\tools\compiler\ti-cgt-msp430_18.1.4.LTS\lib\</path>
         <kind>archive</kind>
         <file>rts430_eabi.lib</file>
         <name>int14.asm.obj</name>
      </input_file>
      <input_file id="fl-32">
         <path>C:\ti\ccsv8\tools\compiler\ti-cgt-msp430_18.1.4.LTS\lib\</path>
         <kind>archive</kind>
         <file>rts430_eabi.lib</file>
         <name>isr_trap.asm.obj</name>
      </input_file>
      <input_file id="fl-33">
         <path>C:\ti\ccsv8\tools\compiler\ti-cgt-msp430_18.1.4.LTS\lib\</path>
         <kind>archive</kind>
         <file>rts430_eabi.lib</file>
         <name>lsr16.asm.obj</name>
      </input_file>
      <input_file id="fl-34">
         <path>C:\ti\ccsv8\tools\compiler\ti-cgt-msp430_18.1.4.LTS\lib\</path>
         <kind>archive</kind>
         <file>rts430_eabi.lib</file>
         <name>mult16.asm.obj</name>
      </input_file>
      <input_file id="fl-35">
         <path>C:\ti\ccsv8\tools\compiler\ti-cgt-msp430_18.1.4.LTS\lib\</path>
         <kind>archive</kind>
         <file>rts430_eabi.lib</file>
         <name>boot.c.obj</name>
      </input_file>
      <input_file id="fl-36">
         <path>C:\ti\ccsv8\tools\compiler\ti-cgt-msp430_18.1.4.LTS\lib\</path>
         <kind>archive</kind>
         <file>rts430_eabi.lib</file>
         <name>autoinit.c.obj</name>
      </input_file>
      <input_file id="fl-37">
         <path>C:\ti\ccsv8\tools\compiler\ti-cgt-msp430_18.1.4.LTS\lib\</path>
         <kind>archive</kind>
         <file>rts430_eabi.lib</file>
         <name>copy_zero_init.c.obj</name>
      </input_file>
      <input_file id="fl-38">
         <path>C:\ti\ccsv8\tools\compiler\ti-cgt-msp430_18.1.4.LTS\lib\</path>
         <kind>archive</kind>
         <file>rts430_eabi.lib</file>
         <name>cpy_tbl.c.obj</name>
      </input_file>
      <input_file id="fl-39">
         <path>C:\ti\ccsv8\tools\compiler\ti-cgt-msp430_18.1.4.LTS\lib\</path>
         <kind>archive</kind>
         <file>rts430_eabi.lib</file>
         <name>mpu_init.c.obj</name>
      </input_file>
      <input_file id="fl-3a">
         <path>C:\ti\ccsv8\tools\compiler\ti-cgt-msp430_18.1.4.LTS\lib\</path>
         <kind>archive</kind>
         <file>rts430_eabi.lib</file>
         <name>lsr64.c.obj</name>
      </input_file>
      <input_file id="fl-3b">
         <path>C:\ti\ccsv8\tools\compiler\ti-cgt-msp430_18.1.4.LTS\lib\</path>
         <kind>archive</kind>
         <file>rts430_eabi.lib</file>
         <name>pre_init.c.obj</name>
      </input_file>
      <input_file id="fl-3c">
         <path>C:\ti\ccsv8\tools\compiler\ti-cgt-msp430_18.1.4.LTS\lib\</path>
         <kind>archive</kind>
         <file>rts430_eabi.lib</file>
         <name>startup.c.obj</name>
      </input_file>
      <input_file id="fl-3d">
         <path>C:\ti\ccsv8\tools\compiler\ti-cgt-msp430_18.1.4.LTS\lib\</path>
         <kind>archive</kind>
         <file>rts430_eabi.lib</file>
         <name>copy_decompress_none.c.obj</name>
      </input_file>
      <input_file id="fl-3e">
         <path>C:\ti\ccsv8\tools\compiler\ti-cgt-msp430_18.1.4.LTS\lib\</path>
         <kind>archive</kind>
         <file>rts430_eabi.lib</file>
         <name>copy_decompress_lzss.c.obj</name>
      </input_file>
      <input_file id="fl-3f">
         <path>C:\ti\ccsv8\tools\compiler\ti-cgt-msp430_18.1.4.LTS\lib\</path>
         <kind>archive</kind>
         <file>rts430_eabi.lib</file>
         <name>cvtdf.c.obj</name>
      </input_file>
      <input_file id="fl-40">
         <path>C:\ti\ccsv8\tools\compiler\ti-cgt-msp430_18.1.4.LTS\lib\</path>
         <kind>archive</kind>
         <file>rts430_eabi.lib</file>
         <name>addd.c.obj</name>
      </input_file>
      <input_file id="fl-41">
         <path>C:\ti\ccsv8\tools\compiler\ti-cgt-msp430_18.1.4.LTS\lib\</path>
         <kind>archive</kind>
         <file>rts430_eabi.lib</file>
         <name>cmpd.c.obj</name>
      </input_file>
      <input_file id="fl-42">
         <path>C:\ti\ccsv8\tools\compiler\ti-cgt-msp430_18.1.4.LTS\lib\</path>
         <kind>archive</kind>
         <file>rts430_eabi.lib</file>
         <name>cvtfd.c.obj</name>
      </input_file>
      <input_file id="fl-43">
         <path>C:\ti\ccsv8\tools\compiler\ti-cgt-msp430_18.1.4.LTS\lib\</path>
         <kind>archive</kind>
         <file>rts430_eabi.lib</file>
         <name>fltud.c.obj</name>
      </input_file>
      <input_file id="fl-44">
         <path>C:\ti\ccsv8\tools\compiler\ti-cgt-msp430_18.1.4.LTS\lib\</path>
         <kind>archive</kind>
         <file>rts430_eabi.lib</file>
         <name>fltuld.c.obj</name>
      </input_file>
      <input_file id="fl-45">
         <path>C:\ti\ccsv8\tools\compiler\ti-cgt-msp430_18.1.4.LTS\lib\</path>
         <kind>archive</kind>
         <file>rts430_eabi.lib</file>
         <name>frcaddd.c.obj</name>
      </input_file>
      <input_file id="fl-46">
         <path>C:\ti\ccsv8\tools\compiler\ti-cgt-msp430_18.1.4.LTS\lib\</path>
         <kind>archive</kind>
         <file>rts430_eabi.lib</file>
         <name>negd.c.obj</name>
      </input_file>
      <input_file id="fl-47">
         <path>C:\ti\ccsv8\tools\compiler\ti-cgt-msp430_18.1.4.LTS\lib\</path>
         <kind>archive</kind>
         <file>rts430_eabi.lib</file>
         <name>renormd.c.obj</name>
      </input_file>
      <input_file id="fl-48">
         <path>C:\ti\ccsv8\tools\compiler\ti-cgt-msp430_18.1.4.LTS\lib\</path>
         <kind>archive</kind>
         <file>rts430_eabi.lib</file>
         <name>subd.c.obj</name>
      </input_file>
      <input_file id="fl-49">
         <path>C:\ti\ccsv8\tools\compiler\ti-cgt-msp430_18.1.4.LTS\lib\</path>
         <kind>archive</kind>
         <file>rts430_eabi.lib</file>
         <name>exit.c.obj</name>
      </input_file>
      <input_file id="fl-4a">
         <path>C:\ti\ccsv8\tools\compiler\ti-cgt-msp430_18.1.4.LTS\lib\</path>
         <kind>archive</kind>
         <file>rts430_eabi.lib</file>
         <name>_lock.c.obj</name>
      </input_file>
      <input_file id="fl-4b">
         <path>C:\ti\ccsv8\tools\compiler\ti-cgt-msp430_18.1.4.LTS\lib\</path>
         <kind>archive</kind>
         <file>rts430_eabi.lib</file>
         <name>args_main.c.obj</name>
      </input_file>
      <input_file id="fl-4c">
         <path>C:\ti\ccsv8\tools\compiler\ti-cgt-msp430_18.1.4.LTS\lib\</path>
         <kind>archive</kind>
         <file>rts430_eabi.lib</file>
         <name>memcpy.c.obj</name>
      </input_file>
      <input_file id="fl-4d">
         <path>C:\ti\ccsv8\tools\compiler\ti-cgt-msp430_18.1.4.LTS\lib\</path>
         <kind>archive</kind>
         <file>rts430_eabi.lib</file>
         <name>s_floor.c.obj</name>
      </input_file>
      <input_file id="fl-4e">
         <path>C:\ti\ccsv8\tools\compiler\ti-cgt-msp430_18.1.4.LTS\lib\</path>
         <kind>archive</kind>
         <file>rts430_eabi.lib</file>
         <name>asr16.asm.obj</name>
      </input_file>
      <input_file id="fl-4f">
         <path>C:\ti\ccsv8\tools\compiler\ti-cgt-msp430_18.1.4.LTS\lib\</path>
         <kind>archive</kind>
         <file>rts430_eabi.lib</file>
         <name>asr32.asm.obj</name>
      </input_file>
      <input_file id="fl-50">
         <path>C:\ti\ccsv8\tools\compiler\ti-cgt-msp430_18.1.4.LTS\lib\</path>
         <kind>archive</kind>
         <file>rts430_eabi.lib</file>
         <name>lsl16.asm.obj</name>
      </input_file>
      <input_file id="fl-51">
         <path>C:\ti\ccsv8\tools\compiler\ti-cgt-msp430_18.1.4.LTS\lib\</path>
         <kind>archive</kind>
         <file>rts430_eabi.lib</file>
         <name>lsl32.asm.obj</name>
      </input_file>
      <input_file id="fl-52">
         <path>C:\ti\ccsv8\tools\compiler\ti-cgt-msp430_18.1.4.LTS\lib\</path>
         <kind>archive</kind>
         <file>rts430_eabi.lib</file>
         <name>lsr32.asm.obj</name>
      </input_file>
      <input_file id="fl-53">
         <path>C:\ti\ccsv8\tools\compiler\ti-cgt-msp430_18.1.4.LTS\lib\</path>
         <kind>archive</kind>
         <file>rts430_eabi.lib</file>
         <name>exit_gvars.c.obj</name>
      </input_file>
   </input_file_list>
   <object_component_list>
      <object_component id="oc-2f7">
         <name>.data:leds</name>
         <load_address>0x200</load_address>
         <run_address>0x200</run_address>
         <size>0x12c</size>
         <input_file_ref idref="fl-3"/>
      </object_component>
      <object_component id="oc-b1">
         <name>.stack</name>
         <uninitialized>true</uninitialized>
         <run_address>0x3b0</run_address>
         <size>0x2</size>
         <input_file_ref idref="fl-35"/>
      </object_component>
      <object_component id="oc-38e">
         <name>.stack</name>
         <uninitialized>true</uninitialized>
         <run_address>0x3b0</run_address>
         <size>0x0</size>
      </object_component>
      <object_component id="oc-23f">
         <name>.text:__mspabi_addd</name>
         <load_address>0xc000</load_address>
         <run_address>0xc000</run_address>
         <size>0x2fa</size>
         <input_file_ref idref="fl-40"/>
      </object_component>
      <object_component id="oc-2d5">
         <name>.text:__TI_frcaddd</name>
         <load_address>0xc2fa</load_address>
         <run_address>0xc2fa</run_address>
         <size>0x260</size>
         <input_file_ref idref="fl-45"/>
      </object_component>
      <object_component id="oc-2cd">
         <name>.text:floor</name>
         <load_address>0xc55a</load_address>
         <run_address>0xc55a</run_address>
         <size>0x1d0</size>
         <input_file_ref idref="fl-4d"/>
      </object_component>
      <object_component id="oc-1c6">
         <name>.text:fadeAll</name>
         <load_address>0xc72a</load_address>
         <run_address>0xc72a</run_address>
         <size>0x190</size>
         <input_file_ref idref="fl-2"/>
      </object_component>
      <object_component id="oc-239">
         <name>.text:round</name>
         <load_address>0xc8ba</load_address>
         <run_address>0xc8ba</run_address>
         <size>0x10e</size>
         <input_file_ref idref="fl-1e"/>
      </object_component>
      <object_component id="oc-2c1">
         <name>.text:__mspabi_cmpd</name>
         <load_address>0xc9c8</load_address>
         <run_address>0xc9c8</run_address>
         <size>0xdc</size>
         <input_file_ref idref="fl-41"/>
      </object_component>
      <object_component id="oc-22e">
         <name>.text</name>
         <load_address>0xcaa4</load_address>
         <run_address>0xcaa4</run_address>
         <size>0xc4</size>
         <input_file_ref idref="fl-22"/>
      </object_component>
      <object_component id="oc-328">
         <name>.text:__TI_renormd</name>
         <load_address>0xcb68</load_address>
         <run_address>0xcb68</run_address>
         <size>0xbe</size>
         <input_file_ref idref="fl-47"/>
      </object_component>
      <object_component id="oc-245">
         <name>.text:__mspabi_cvtdf</name>
         <load_address>0xcc26</load_address>
         <run_address>0xcc26</run_address>
         <size>0x8c</size>
         <input_file_ref idref="fl-3f"/>
      </object_component>
      <object_component id="oc-2a2">
         <name>.text:__mspabi_fltuld</name>
         <load_address>0xccb2</load_address>
         <run_address>0xccb2</run_address>
         <size>0x8a</size>
         <input_file_ref idref="fl-44"/>
      </object_component>
      <object_component id="oc-34">
         <name>.text:decompress:lzss:__TI_decompress_lzss</name>
         <load_address>0xcd3c</load_address>
         <run_address>0xcd3c</run_address>
         <size>0x7c</size>
         <input_file_ref idref="fl-3e"/>
      </object_component>
      <object_component id="oc-233">
         <name>.text:__mspabi_cvtfd</name>
         <load_address>0xcdb8</load_address>
         <run_address>0xcdb8</run_address>
         <size>0x72</size>
         <input_file_ref idref="fl-42"/>
      </object_component>
      <object_component id="oc-291">
         <name>.text:showStrip</name>
         <load_address>0xce2a</load_address>
         <run_address>0xce2a</run_address>
         <size>0x72</size>
         <input_file_ref idref="fl-3"/>
      </object_component>
      <object_component id="oc-24b">
         <name>.text</name>
         <load_address>0xce9c</load_address>
         <run_address>0xce9c</run_address>
         <size>0x68</size>
         <input_file_ref idref="fl-23"/>
      </object_component>
      <object_component id="oc-302">
         <name>.text:l_lsr_const</name>
         <load_address>0xcf04</load_address>
         <run_address>0xcf04</run_address>
         <size>0x5c</size>
         <input_file_ref idref="fl-52"/>
      </object_component>
      <object_component id="oc-173">
         <name>.text:colorWheel</name>
         <load_address>0xcf60</load_address>
         <run_address>0xcf60</run_address>
         <size>0x5a</size>
         <input_file_ref idref="fl-2"/>
      </object_component>
      <object_component id="oc-ba">
         <name>.text</name>
         <load_address>0xcfba</load_address>
         <run_address>0xcfba</run_address>
         <size>0x4c</size>
         <input_file_ref idref="fl-33"/>
      </object_component>
      <object_component id="oc-223">
         <name>.text</name>
         <load_address>0xd006</load_address>
         <run_address>0xd006</run_address>
         <size>0x4a</size>
         <input_file_ref idref="fl-20"/>
      </object_component>
      <object_component id="oc-186">
         <name>.text:__TI_auto_init_nobinit_nopinit:__TI_auto_init_nobinit_nopinit</name>
         <load_address>0xd050</load_address>
         <run_address>0xd050</run_address>
         <size>0x42</size>
         <input_file_ref idref="fl-36"/>
      </object_component>
      <object_component id="oc-2af">
         <name>.text:l_asr_const</name>
         <load_address>0xd092</load_address>
         <run_address>0xd092</run_address>
         <size>0x3e</size>
         <input_file_ref idref="fl-4f"/>
      </object_component>
      <object_component id="oc-2e2">
         <name>.text:l_lsl_const</name>
         <load_address>0xd0d0</load_address>
         <run_address>0xd0d0</run_address>
         <size>0x3e</size>
         <input_file_ref idref="fl-51"/>
      </object_component>
      <object_component id="oc-21e">
         <name>.text</name>
         <load_address>0xd10e</load_address>
         <run_address>0xd10e</run_address>
         <size>0x36</size>
         <input_file_ref idref="fl-21"/>
      </object_component>
      <object_component id="oc-2bb">
         <name>.text:__mspabi_subd</name>
         <load_address>0xd144</load_address>
         <run_address>0xd144</run_address>
         <size>0x2e</size>
         <input_file_ref idref="fl-48"/>
      </object_component>
      <object_component id="oc-16d">
         <name>.text:initStrip</name>
         <load_address>0xd172</load_address>
         <run_address>0xd172</run_address>
         <size>0x2c</size>
         <input_file_ref idref="fl-3"/>
      </object_component>
      <object_component id="oc-2aa">
         <name>.text</name>
         <load_address>0xd19e</load_address>
         <run_address>0xd19e</run_address>
         <size>0x2c</size>
         <input_file_ref idref="fl-4e"/>
      </object_component>
      <object_component id="oc-b5">
         <name>.text</name>
         <load_address>0xd1ca</load_address>
         <run_address>0xd1ca</run_address>
         <size>0x2c</size>
         <input_file_ref idref="fl-50"/>
      </object_component>
      <object_component id="oc-2c7">
         <name>.text:__mspabi_negd</name>
         <load_address>0xd1f6</load_address>
         <run_address>0xd1f6</run_address>
         <size>0x2a</size>
         <input_file_ref idref="fl-46"/>
      </object_component>
      <object_component id="oc-20c">
         <name>.text:fillStrip</name>
         <load_address>0xd220</load_address>
         <run_address>0xd220</run_address>
         <size>0x2a</size>
         <input_file_ref idref="fl-3"/>
      </object_component>
      <object_component id="oc-145">
         <name>.text:main</name>
         <load_address>0xd24a</load_address>
         <run_address>0xd24a</run_address>
         <size>0x26</size>
         <input_file_ref idref="fl-2"/>
      </object_component>
      <object_component id="oc-219">
         <name>.text</name>
         <load_address>0xd270</load_address>
         <run_address>0xd270</run_address>
         <size>0x24</size>
         <input_file_ref idref="fl-24"/>
      </object_component>
      <object_component id="oc-28b">
         <name>.text:setLEDColor</name>
         <load_address>0xd294</load_address>
         <run_address>0xd294</run_address>
         <size>0x20</size>
         <input_file_ref idref="fl-3"/>
      </object_component>
      <object_component id="oc-f3">
         <name>.text:_c_int00_noargs</name>
         <load_address>0xd2b4</load_address>
         <run_address>0xd2b4</run_address>
         <size>0x1c</size>
         <input_file_ref idref="fl-35"/>
      </object_component>
      <object_component id="oc-3a">
         <name>.text:decompress:none:__TI_decompress_none</name>
         <load_address>0xd2d0</load_address>
         <run_address>0xd2d0</run_address>
         <size>0x12</size>
         <input_file_ref idref="fl-3d"/>
      </object_component>
      <object_component id="oc-310">
         <name>.text:l_lsr</name>
         <load_address>0xd2e2</load_address>
         <run_address>0xd2e2</run_address>
         <size>0x12</size>
         <input_file_ref idref="fl-52"/>
      </object_component>
      <object_component id="oc-cf">
         <name>.text:memcpy</name>
         <load_address>0xd2f4</load_address>
         <run_address>0xd2f4</run_address>
         <size>0x12</size>
         <input_file_ref idref="fl-4c"/>
      </object_component>
      <object_component id="oc-315">
         <name>.text:l_asr</name>
         <load_address>0xd306</load_address>
         <run_address>0xd306</run_address>
         <size>0x10</size>
         <input_file_ref idref="fl-4f"/>
      </object_component>
      <object_component id="oc-323">
         <name>.text:l_lsl</name>
         <load_address>0xd316</load_address>
         <run_address>0xd316</run_address>
         <size>0x10</size>
         <input_file_ref idref="fl-51"/>
      </object_component>
      <object_component id="oc-bf">
         <name>.text</name>
         <load_address>0xd326</load_address>
         <run_address>0xd326</run_address>
         <size>0x10</size>
         <input_file_ref idref="fl-1f"/>
      </object_component>
      <object_component id="oc-1b9">
         <name>.text:clearStrip</name>
         <load_address>0xd336</load_address>
         <run_address>0xd336</run_address>
         <size>0xc</size>
         <input_file_ref idref="fl-3"/>
      </object_component>
      <object_component id="oc-dc">
         <name>.text:_isr:__TI_ISR_TRAP</name>
         <load_address>0xd342</load_address>
         <run_address>0xd342</run_address>
         <size>0x8</size>
         <input_file_ref idref="fl-32"/>
      </object_component>
      <object_component id="oc-228">
         <name>.text:__mspabi_fltud</name>
         <load_address>0xd34a</load_address>
         <run_address>0xd34a</run_address>
         <size>0x6</size>
         <input_file_ref idref="fl-43"/>
      </object_component>
      <object_component id="oc-17a">
         <name>.text:abort</name>
         <load_address>0xd350</load_address>
         <run_address>0xd350</run_address>
         <size>0x6</size>
         <input_file_ref idref="fl-49"/>
      </object_component>
      <object_component id="oc-13f">
         <name>.text:_system_pre_init</name>
         <load_address>0xd356</load_address>
         <run_address>0xd356</run_address>
         <size>0x4</size>
         <input_file_ref idref="fl-3b"/>
      </object_component>
      <object_component id="oc-1eb">
         <name>.text:_system_post_cinit</name>
         <load_address>0xd35a</load_address>
         <run_address>0xd35a</run_address>
         <size>0x2</size>
         <input_file_ref idref="fl-3c"/>
      </object_component>
      <object_component id="oc-38d">
         <name>.cinit..data.load</name>
         <load_address>0xd374</load_address>
         <run_address>0xd374</run_address>
         <size>0x9</size>
      </object_component>
      <object_component id="oc-38b">
         <name>__TI_handler_table</name>
         <load_address>0xd37e</load_address>
         <run_address>0xd37e</run_address>
         <size>0x4</size>
      </object_component>
      <object_component id="oc-38c">
         <name>__TI_cinit_table</name>
         <load_address>0xd382</load_address>
         <run_address>0xd382</run_address>
         <size>0x4</size>
      </object_component>
      <object_component id="oc-1cc">
         <name>.const:.string:blue</name>
         <load_address>0xd35c</load_address>
         <run_address>0xd35c</run_address>
         <size>0x3</size>
         <input_file_ref idref="fl-2"/>
      </object_component>
      <object_component id="oc-1c3">
         <name>.const:.string:cyan</name>
         <load_address>0xd360</load_address>
         <run_address>0xd360</run_address>
         <size>0x3</size>
         <input_file_ref idref="fl-2"/>
      </object_component>
      <object_component id="oc-1c0">
         <name>.const:.string:green</name>
         <load_address>0xd364</load_address>
         <run_address>0xd364</run_address>
         <size>0x3</size>
         <input_file_ref idref="fl-2"/>
      </object_component>
      <object_component id="oc-1cf">
         <name>.const:.string:magenta</name>
         <load_address>0xd368</load_address>
         <run_address>0xd368</run_address>
         <size>0x3</size>
         <input_file_ref idref="fl-2"/>
      </object_component>
      <object_component id="oc-1d2">
         <name>.const:.string:red</name>
         <load_address>0xd36c</load_address>
         <run_address>0xd36c</run_address>
         <size>0x3</size>
         <input_file_ref idref="fl-2"/>
      </object_component>
      <object_component id="oc-1d5">
         <name>.const:.string:yellow</name>
         <load_address>0xd370</load_address>
         <run_address>0xd370</run_address>
         <size>0x3</size>
         <input_file_ref idref="fl-2"/>
      </object_component>
      <object_component id="oc-34d">
         <name>.binit</name>
         <load_address>0xc000</load_address>
         <run_address>0xc000</run_address>
         <size>0x0</size>
      </object_component>
      <object_component id="oc-40">
         <name>.int00</name>
         <load_address>0xffe0</load_address>
         <run_address>0xffe0</run_address>
         <size>0x2</size>
         <input_file_ref idref="fl-25"/>
      </object_component>
      <object_component id="oc-41">
         <name>.int02</name>
         <load_address>0xffe4</load_address>
         <run_address>0xffe4</run_address>
         <size>0x2</size>
         <input_file_ref idref="fl-26"/>
      </object_component>
      <object_component id="oc-42">
         <name>.int03</name>
         <load_address>0xffe6</load_address>
         <run_address>0xffe6</run_address>
         <size>0x2</size>
         <input_file_ref idref="fl-27"/>
      </object_component>
      <object_component id="oc-43">
         <name>.int05</name>
         <load_address>0xffea</load_address>
         <run_address>0xffea</run_address>
         <size>0x2</size>
         <input_file_ref idref="fl-28"/>
      </object_component>
      <object_component id="oc-44">
         <name>.int06</name>
         <load_address>0xffec</load_address>
         <run_address>0xffec</run_address>
         <size>0x2</size>
         <input_file_ref idref="fl-29"/>
      </object_component>
      <object_component id="oc-45">
         <name>.int07</name>
         <load_address>0xffee</load_address>
         <run_address>0xffee</run_address>
         <size>0x2</size>
         <input_file_ref idref="fl-2a"/>
      </object_component>
      <object_component id="oc-46">
         <name>.int08</name>
         <load_address>0xfff0</load_address>
         <run_address>0xfff0</run_address>
         <size>0x2</size>
         <input_file_ref idref="fl-2b"/>
      </object_component>
      <object_component id="oc-47">
         <name>.int09</name>
         <load_address>0xfff2</load_address>
         <run_address>0xfff2</run_address>
         <size>0x2</size>
         <input_file_ref idref="fl-2c"/>
      </object_component>
      <object_component id="oc-48">
         <name>.int10</name>
         <load_address>0xfff4</load_address>
         <run_address>0xfff4</run_address>
         <size>0x2</size>
         <input_file_ref idref="fl-2d"/>
      </object_component>
      <object_component id="oc-49">
         <name>.int11</name>
         <load_address>0xfff6</load_address>
         <run_address>0xfff6</run_address>
         <size>0x2</size>
         <input_file_ref idref="fl-2e"/>
      </object_component>
      <object_component id="oc-4a">
         <name>.int12</name>
         <load_address>0xfff8</load_address>
         <run_address>0xfff8</run_address>
         <size>0x2</size>
         <input_file_ref idref="fl-2f"/>
      </object_component>
      <object_component id="oc-4b">
         <name>.int13</name>
         <load_address>0xfffa</load_address>
         <run_address>0xfffa</run_address>
         <size>0x2</size>
         <input_file_ref idref="fl-30"/>
      </object_component>
      <object_component id="oc-4c">
         <name>.int14</name>
         <load_address>0xfffc</load_address>
         <run_address>0xfffc</run_address>
         <size>0x2</size>
         <input_file_ref idref="fl-31"/>
      </object_component>
      <object_component id="oc-b4">
         <name>.reset</name>
         <load_address>0xfffe</load_address>
         <run_address>0xfffe</run_address>
         <size>0x2</size>
         <input_file_ref idref="fl-35"/>
      </object_component>
      <object_component id="oc-215">
         <name>.debug_info</name>
         <load_address>0x0</load_address>
         <run_address>0x0</run_address>
         <size>0x34b</size>
         <input_file_ref idref="fl-2"/>
      </object_component>
      <object_component id="oc-1c1">
         <name>.debug_info</name>
         <load_address>0x34b</load_address>
         <run_address>0x34b</run_address>
         <size>0xc3</size>
         <input_file_ref idref="fl-2"/>
      </object_component>
      <object_component id="oc-1cd">
         <name>.debug_info</name>
         <load_address>0x40e</load_address>
         <run_address>0x40e</run_address>
         <size>0xc1</size>
         <input_file_ref idref="fl-2"/>
      </object_component>
      <object_component id="oc-1d0">
         <name>.debug_info</name>
         <load_address>0x4cf</load_address>
         <run_address>0x4cf</run_address>
         <size>0xc7</size>
         <input_file_ref idref="fl-2"/>
      </object_component>
      <object_component id="oc-1d6">
         <name>.debug_info</name>
         <load_address>0x596</load_address>
         <run_address>0x596</run_address>
         <size>0xc5</size>
         <input_file_ref idref="fl-2"/>
      </object_component>
      <object_component id="oc-1c4">
         <name>.debug_info</name>
         <load_address>0x65b</load_address>
         <run_address>0x65b</run_address>
         <size>0xc1</size>
         <input_file_ref idref="fl-2"/>
      </object_component>
      <object_component id="oc-1d3">
         <name>.debug_info</name>
         <load_address>0x71c</load_address>
         <run_address>0x71c</run_address>
         <size>0xbf</size>
         <input_file_ref idref="fl-2"/>
      </object_component>
      <object_component id="oc-1c7">
         <name>.debug_info</name>
         <load_address>0x7db</load_address>
         <run_address>0x7db</run_address>
         <size>0x364</size>
         <input_file_ref idref="fl-2"/>
      </object_component>
      <object_component id="oc-174">
         <name>.debug_info</name>
         <load_address>0xb3f</load_address>
         <run_address>0xb3f</run_address>
         <size>0x175</size>
         <input_file_ref idref="fl-2"/>
      </object_component>
      <object_component id="oc-146">
         <name>.debug_info</name>
         <load_address>0xcb4</load_address>
         <run_address>0xcb4</run_address>
         <size>0x10a</size>
         <input_file_ref idref="fl-2"/>
      </object_component>
      <object_component id="oc-251">
         <name>.debug_info</name>
         <load_address>0xdbe</load_address>
         <run_address>0xdbe</run_address>
         <size>0x8c</size>
         <input_file_ref idref="fl-2"/>
      </object_component>
      <object_component id="oc-29a">
         <name>.debug_info</name>
         <load_address>0xe4a</load_address>
         <run_address>0xe4a</run_address>
         <size>0x26b</size>
         <input_file_ref idref="fl-2"/>
      </object_component>
      <object_component id="oc-ca">
         <name>.debug_info</name>
         <load_address>0x10b5</load_address>
         <run_address>0x10b5</run_address>
         <size>0x84</size>
         <input_file_ref idref="fl-2"/>
      </object_component>
      <object_component id="oc-2fd">
         <name>.debug_info</name>
         <load_address>0x1139</load_address>
         <run_address>0x1139</run_address>
         <size>0x275</size>
         <input_file_ref idref="fl-2"/>
      </object_component>
      <object_component id="oc-2fc">
         <name>.debug_info</name>
         <load_address>0x13ae</load_address>
         <run_address>0x13ae</run_address>
         <size>0x29e</size>
         <input_file_ref idref="fl-3"/>
      </object_component>
      <object_component id="oc-2f8">
         <name>.debug_info</name>
         <load_address>0x164c</load_address>
         <run_address>0x164c</run_address>
         <size>0xc2</size>
         <input_file_ref idref="fl-3"/>
      </object_component>
      <object_component id="oc-294">
         <name>.debug_info</name>
         <load_address>0x170e</load_address>
         <run_address>0x170e</run_address>
         <size>0x131</size>
         <input_file_ref idref="fl-3"/>
      </object_component>
      <object_component id="oc-28e">
         <name>.debug_info</name>
         <load_address>0x183f</load_address>
         <run_address>0x183f</run_address>
         <size>0x157</size>
         <input_file_ref idref="fl-3"/>
      </object_component>
      <object_component id="oc-20d">
         <name>.debug_info</name>
         <load_address>0x1996</load_address>
         <run_address>0x1996</run_address>
         <size>0x16a</size>
         <input_file_ref idref="fl-3"/>
      </object_component>
      <object_component id="oc-1bc">
         <name>.debug_info</name>
         <load_address>0x1b00</load_address>
         <run_address>0x1b00</run_address>
         <size>0x10d</size>
         <input_file_ref idref="fl-3"/>
      </object_component>
      <object_component id="oc-16e">
         <name>.debug_info</name>
         <load_address>0x1c0d</load_address>
         <run_address>0x1c0d</run_address>
         <size>0x10c</size>
         <input_file_ref idref="fl-3"/>
      </object_component>
      <object_component id="oc-2d4">
         <name>.debug_info</name>
         <load_address>0x1d19</load_address>
         <run_address>0x1d19</run_address>
         <size>0x188</size>
         <input_file_ref idref="fl-1e"/>
      </object_component>
      <object_component id="oc-23a">
         <name>.debug_info</name>
         <load_address>0x1ea1</load_address>
         <run_address>0x1ea1</run_address>
         <size>0x255</size>
         <input_file_ref idref="fl-1e"/>
      </object_component>
      <object_component id="oc-c2">
         <name>.debug_info</name>
         <load_address>0x20f6</load_address>
         <run_address>0x20f6</run_address>
         <size>0x131</size>
         <input_file_ref idref="fl-1f"/>
      </object_component>
      <object_component id="oc-224">
         <name>.debug_info</name>
         <load_address>0x2227</load_address>
         <run_address>0x2227</run_address>
         <size>0x130</size>
         <input_file_ref idref="fl-20"/>
      </object_component>
      <object_component id="oc-220">
         <name>.debug_info</name>
         <load_address>0x2357</load_address>
         <run_address>0x2357</run_address>
         <size>0x12d</size>
         <input_file_ref idref="fl-21"/>
      </object_component>
      <object_component id="oc-230">
         <name>.debug_info</name>
         <load_address>0x2484</load_address>
         <run_address>0x2484</run_address>
         <size>0x124</size>
         <input_file_ref idref="fl-22"/>
      </object_component>
      <object_component id="oc-24d">
         <name>.debug_info</name>
         <load_address>0x25a8</load_address>
         <run_address>0x25a8</run_address>
         <size>0x138</size>
         <input_file_ref idref="fl-23"/>
      </object_component>
      <object_component id="oc-21c">
         <name>.debug_info</name>
         <load_address>0x26e0</load_address>
         <run_address>0x26e0</run_address>
         <size>0x127</size>
         <input_file_ref idref="fl-24"/>
      </object_component>
      <object_component id="oc-dd">
         <name>.debug_info</name>
         <load_address>0x2807</load_address>
         <run_address>0x2807</run_address>
         <size>0x112</size>
         <input_file_ref idref="fl-32"/>
      </object_component>
      <object_component id="oc-bd">
         <name>.debug_info</name>
         <load_address>0x2919</load_address>
         <run_address>0x2919</run_address>
         <size>0x123</size>
         <input_file_ref idref="fl-33"/>
      </object_component>
      <object_component id="oc-b2">
         <name>.debug_info</name>
         <load_address>0x2a3c</load_address>
         <run_address>0x2a3c</run_address>
         <size>0x100</size>
         <input_file_ref idref="fl-35"/>
      </object_component>
      <object_component id="oc-f5">
         <name>.debug_info</name>
         <load_address>0x2b3c</load_address>
         <run_address>0x2b3c</run_address>
         <size>0x17a</size>
         <input_file_ref idref="fl-35"/>
      </object_component>
      <object_component id="oc-1f2">
         <name>.debug_info</name>
         <load_address>0x2cb6</load_address>
         <run_address>0x2cb6</run_address>
         <size>0x47d</size>
         <input_file_ref idref="fl-36"/>
      </object_component>
      <object_component id="oc-187">
         <name>.debug_info</name>
         <load_address>0x3133</load_address>
         <run_address>0x3133</run_address>
         <size>0x1e0</size>
         <input_file_ref idref="fl-36"/>
      </object_component>
      <object_component id="oc-275">
         <name>.debug_info</name>
         <load_address>0x3313</load_address>
         <run_address>0x3313</run_address>
         <size>0x39</size>
         <input_file_ref idref="fl-36"/>
      </object_component>
      <object_component id="oc-286">
         <name>.debug_info</name>
         <load_address>0x334c</load_address>
         <run_address>0x334c</run_address>
         <size>0x2c</size>
         <input_file_ref idref="fl-36"/>
      </object_component>
      <object_component id="oc-1fd">
         <name>.debug_info</name>
         <load_address>0x3378</load_address>
         <run_address>0x3378</run_address>
         <size>0x2c</size>
         <input_file_ref idref="fl-36"/>
      </object_component>
      <object_component id="oc-27a">
         <name>.debug_info</name>
         <load_address>0x33a4</load_address>
         <run_address>0x33a4</run_address>
         <size>0xcd</size>
         <input_file_ref idref="fl-36"/>
      </object_component>
      <object_component id="oc-12a">
         <name>.debug_info</name>
         <load_address>0x3471</load_address>
         <run_address>0x3471</run_address>
         <size>0x2c</size>
         <input_file_ref idref="fl-37"/>
      </object_component>
      <object_component id="oc-143">
         <name>.debug_info</name>
         <load_address>0x349d</load_address>
         <run_address>0x349d</run_address>
         <size>0x153</size>
         <input_file_ref idref="fl-3b"/>
      </object_component>
      <object_component id="oc-1ec">
         <name>.debug_info</name>
         <load_address>0x35f0</load_address>
         <run_address>0x35f0</run_address>
         <size>0x150</size>
         <input_file_ref idref="fl-3c"/>
      </object_component>
      <object_component id="oc-db">
         <name>.debug_info</name>
         <load_address>0x3740</load_address>
         <run_address>0x3740</run_address>
         <size>0x180</size>
         <input_file_ref idref="fl-3d"/>
      </object_component>
      <object_component id="oc-3b">
         <name>.debug_info</name>
         <load_address>0x38c0</load_address>
         <run_address>0x38c0</run_address>
         <size>0x1ea</size>
         <input_file_ref idref="fl-3d"/>
      </object_component>
      <object_component id="oc-d6">
         <name>.debug_info</name>
         <load_address>0x3aaa</load_address>
         <run_address>0x3aaa</run_address>
         <size>0x46</size>
         <input_file_ref idref="fl-3d"/>
      </object_component>
      <object_component id="oc-12f">
         <name>.debug_info</name>
         <load_address>0x3af0</load_address>
         <run_address>0x3af0</run_address>
         <size>0x2c</size>
         <input_file_ref idref="fl-3d"/>
      </object_component>
      <object_component id="oc-127">
         <name>.debug_info</name>
         <load_address>0x3b1c</load_address>
         <run_address>0x3b1c</run_address>
         <size>0x176</size>
         <input_file_ref idref="fl-3e"/>
      </object_component>
      <object_component id="oc-36">
         <name>.debug_info</name>
         <load_address>0x3c92</load_address>
         <run_address>0x3c92</run_address>
         <size>0x292</size>
         <input_file_ref idref="fl-3e"/>
      </object_component>
      <object_component id="oc-c5">
         <name>.debug_info</name>
         <load_address>0x3f24</load_address>
         <run_address>0x3f24</run_address>
         <size>0x60</size>
         <input_file_ref idref="fl-3e"/>
      </object_component>
      <object_component id="oc-161">
         <name>.debug_info</name>
         <load_address>0x3f84</load_address>
         <run_address>0x3f84</run_address>
         <size>0x46</size>
         <input_file_ref idref="fl-3e"/>
      </object_component>
      <object_component id="oc-122">
         <name>.debug_info</name>
         <load_address>0x3fca</load_address>
         <run_address>0x3fca</run_address>
         <size>0x39</size>
         <input_file_ref idref="fl-3e"/>
      </object_component>
      <object_component id="oc-2e8">
         <name>.debug_info</name>
         <load_address>0x4003</load_address>
         <run_address>0x4003</run_address>
         <size>0x165</size>
         <input_file_ref idref="fl-3f"/>
      </object_component>
      <object_component id="oc-246">
         <name>.debug_info</name>
         <load_address>0x4168</load_address>
         <run_address>0x4168</run_address>
         <size>0x1d8</size>
         <input_file_ref idref="fl-3f"/>
      </object_component>
      <object_component id="oc-2b6">
         <name>.debug_info</name>
         <load_address>0x4340</load_address>
         <run_address>0x4340</run_address>
         <size>0xdb</size>
         <input_file_ref idref="fl-3f"/>
      </object_component>
      <object_component id="oc-2e1">
         <name>.debug_info</name>
         <load_address>0x441b</load_address>
         <run_address>0x441b</run_address>
         <size>0x1a7</size>
         <input_file_ref idref="fl-40"/>
      </object_component>
      <object_component id="oc-240">
         <name>.debug_info</name>
         <load_address>0x45c2</load_address>
         <run_address>0x45c2</run_address>
         <size>0x257</size>
         <input_file_ref idref="fl-40"/>
      </object_component>
      <object_component id="oc-2dc">
         <name>.debug_info</name>
         <load_address>0x4819</load_address>
         <run_address>0x4819</run_address>
         <size>0x94</size>
         <input_file_ref idref="fl-40"/>
      </object_component>
      <object_component id="oc-2c3">
         <name>.debug_info</name>
         <load_address>0x48ad</load_address>
         <run_address>0x48ad</run_address>
         <size>0x1af</size>
         <input_file_ref idref="fl-41"/>
      </object_component>
      <object_component id="oc-2b5">
         <name>.debug_info</name>
         <load_address>0x4a5c</load_address>
         <run_address>0x4a5c</run_address>
         <size>0x165</size>
         <input_file_ref idref="fl-42"/>
      </object_component>
      <object_component id="oc-236">
         <name>.debug_info</name>
         <load_address>0x4bc1</load_address>
         <run_address>0x4bc1</run_address>
         <size>0x1d4</size>
         <input_file_ref idref="fl-42"/>
      </object_component>
      <object_component id="oc-22b">
         <name>.debug_info</name>
         <load_address>0x4d95</load_address>
         <run_address>0x4d95</run_address>
         <size>0x166</size>
         <input_file_ref idref="fl-43"/>
      </object_component>
      <object_component id="oc-308">
         <name>.debug_info</name>
         <load_address>0x4efb</load_address>
         <run_address>0x4efb</run_address>
         <size>0x16b</size>
         <input_file_ref idref="fl-44"/>
      </object_component>
      <object_component id="oc-2a6">
         <name>.debug_info</name>
         <load_address>0x5066</load_address>
         <run_address>0x5066</run_address>
         <size>0x1e3</size>
         <input_file_ref idref="fl-44"/>
      </object_component>
      <object_component id="oc-32f">
         <name>.debug_info</name>
         <load_address>0x5249</load_address>
         <run_address>0x5249</run_address>
         <size>0x1a0</size>
         <input_file_ref idref="fl-45"/>
      </object_component>
      <object_component id="oc-2d6">
         <name>.debug_info</name>
         <load_address>0x53e9</load_address>
         <run_address>0x53e9</run_address>
         <size>0x329</size>
         <input_file_ref idref="fl-45"/>
      </object_component>
      <object_component id="oc-2c8">
         <name>.debug_info</name>
         <load_address>0x5712</load_address>
         <run_address>0x5712</run_address>
         <size>0x158</size>
         <input_file_ref idref="fl-46"/>
      </object_component>
      <object_component id="oc-347">
         <name>.debug_info</name>
         <load_address>0x586a</load_address>
         <run_address>0x586a</run_address>
         <size>0x172</size>
         <input_file_ref idref="fl-47"/>
      </object_component>
      <object_component id="oc-32a">
         <name>.debug_info</name>
         <load_address>0x59dc</load_address>
         <run_address>0x59dc</run_address>
         <size>0x1f9</size>
         <input_file_ref idref="fl-47"/>
      </object_component>
      <object_component id="oc-2bc">
         <name>.debug_info</name>
         <load_address>0x5bd5</load_address>
         <run_address>0x5bd5</run_address>
         <size>0x18d</size>
         <input_file_ref idref="fl-48"/>
      </object_component>
      <object_component id="oc-17b">
         <name>.debug_info</name>
         <load_address>0x5d62</load_address>
         <run_address>0x5d62</run_address>
         <size>0x122</size>
         <input_file_ref idref="fl-49"/>
      </object_component>
      <object_component id="oc-129">
         <name>.debug_info</name>
         <load_address>0x5e84</load_address>
         <run_address>0x5e84</run_address>
         <size>0x181</size>
         <input_file_ref idref="fl-4c"/>
      </object_component>
      <object_component id="oc-d2">
         <name>.debug_info</name>
         <load_address>0x6005</load_address>
         <run_address>0x6005</run_address>
         <size>0x17a</size>
         <input_file_ref idref="fl-4c"/>
      </object_component>
      <object_component id="oc-320">
         <name>.debug_info</name>
         <load_address>0x617f</load_address>
         <run_address>0x617f</run_address>
         <size>0x167</size>
         <input_file_ref idref="fl-4d"/>
      </object_component>
      <object_component id="oc-2cf">
         <name>.debug_info</name>
         <load_address>0x62e6</load_address>
         <run_address>0x62e6</run_address>
         <size>0x265</size>
         <input_file_ref idref="fl-4d"/>
      </object_component>
      <object_component id="oc-33e">
         <name>.debug_info</name>
         <load_address>0x654b</load_address>
         <run_address>0x654b</run_address>
         <size>0x46</size>
         <input_file_ref idref="fl-4d"/>
      </object_component>
      <object_component id="oc-31b">
         <name>.debug_info</name>
         <load_address>0x6591</load_address>
         <run_address>0x6591</run_address>
         <size>0x39</size>
         <input_file_ref idref="fl-4d"/>
      </object_component>
      <object_component id="oc-2ab">
         <name>.debug_info</name>
         <load_address>0x65ca</load_address>
         <run_address>0x65ca</run_address>
         <size>0x123</size>
         <input_file_ref idref="fl-4e"/>
      </object_component>
      <object_component id="oc-316">
         <name>.debug_info</name>
         <load_address>0x66ed</load_address>
         <run_address>0x66ed</run_address>
         <size>0x123</size>
         <input_file_ref idref="fl-4f"/>
      </object_component>
      <object_component id="oc-2b2">
         <name>.debug_info</name>
         <load_address>0x6810</load_address>
         <run_address>0x6810</run_address>
         <size>0x129</size>
         <input_file_ref idref="fl-4f"/>
      </object_component>
      <object_component id="oc-b7">
         <name>.debug_info</name>
         <load_address>0x6939</load_address>
         <run_address>0x6939</run_address>
         <size>0x123</size>
         <input_file_ref idref="fl-50"/>
      </object_component>
      <object_component id="oc-325">
         <name>.debug_info</name>
         <load_address>0x6a5c</load_address>
         <run_address>0x6a5c</run_address>
         <size>0x123</size>
         <input_file_ref idref="fl-51"/>
      </object_component>
      <object_component id="oc-2e3">
         <name>.debug_info</name>
         <load_address>0x6b7f</load_address>
         <run_address>0x6b7f</run_address>
         <size>0x129</size>
         <input_file_ref idref="fl-51"/>
      </object_component>
      <object_component id="oc-311">
         <name>.debug_info</name>
         <load_address>0x6ca8</load_address>
         <run_address>0x6ca8</run_address>
         <size>0x123</size>
         <input_file_ref idref="fl-52"/>
      </object_component>
      <object_component id="oc-305">
         <name>.debug_info</name>
         <load_address>0x6dcb</load_address>
         <run_address>0x6dcb</run_address>
         <size>0x129</size>
         <input_file_ref idref="fl-52"/>
      </object_component>
      <object_component id="oc-38f">
         <name>.debug_info</name>
         <load_address>0x6ef4</load_address>
         <run_address>0x6ef4</run_address>
         <size>0x9b</size>
      </object_component>
      <object_component id="oc-299">
         <name>.debug_line</name>
         <load_address>0x0</load_address>
         <run_address>0x0</run_address>
         <size>0xb7</size>
         <input_file_ref idref="fl-2"/>
      </object_component>
      <object_component id="oc-214">
         <name>.debug_line</name>
         <load_address>0xb7</load_address>
         <run_address>0xb7</run_address>
         <size>0x2d</size>
         <input_file_ref idref="fl-2"/>
      </object_component>
      <object_component id="oc-257">
         <name>.debug_line</name>
         <load_address>0xe4</load_address>
         <run_address>0xe4</run_address>
         <size>0x2d</size>
         <input_file_ref idref="fl-2"/>
      </object_component>
      <object_component id="oc-259">
         <name>.debug_line</name>
         <load_address>0x111</load_address>
         <run_address>0x111</run_address>
         <size>0x2d</size>
         <input_file_ref idref="fl-2"/>
      </object_component>
      <object_component id="oc-25d">
         <name>.debug_line</name>
         <load_address>0x13e</load_address>
         <run_address>0x13e</run_address>
         <size>0x2d</size>
         <input_file_ref idref="fl-2"/>
      </object_component>
      <object_component id="oc-218">
         <name>.debug_line</name>
         <load_address>0x16b</load_address>
         <run_address>0x16b</run_address>
         <size>0x2d</size>
         <input_file_ref idref="fl-2"/>
      </object_component>
      <object_component id="oc-25b">
         <name>.debug_line</name>
         <load_address>0x198</load_address>
         <run_address>0x198</run_address>
         <size>0x2d</size>
         <input_file_ref idref="fl-2"/>
      </object_component>
      <object_component id="oc-1ca">
         <name>.debug_line</name>
         <load_address>0x1c5</load_address>
         <run_address>0x1c5</run_address>
         <size>0x6f</size>
         <input_file_ref idref="fl-2"/>
      </object_component>
      <object_component id="oc-177">
         <name>.debug_line</name>
         <load_address>0x234</load_address>
         <run_address>0x234</run_address>
         <size>0x48</size>
         <input_file_ref idref="fl-2"/>
      </object_component>
      <object_component id="oc-149">
         <name>.debug_line</name>
         <load_address>0x27c</load_address>
         <run_address>0x27c</run_address>
         <size>0x4a</size>
         <input_file_ref idref="fl-2"/>
      </object_component>
      <object_component id="oc-254">
         <name>.debug_line</name>
         <load_address>0x2c6</load_address>
         <run_address>0x2c6</run_address>
         <size>0x2f</size>
         <input_file_ref idref="fl-2"/>
      </object_component>
      <object_component id="oc-29d">
         <name>.debug_line</name>
         <load_address>0x2f5</load_address>
         <run_address>0x2f5</run_address>
         <size>0x6c</size>
         <input_file_ref idref="fl-2"/>
      </object_component>
      <object_component id="oc-cd">
         <name>.debug_line</name>
         <load_address>0x361</load_address>
         <run_address>0x361</run_address>
         <size>0x20</size>
         <input_file_ref idref="fl-2"/>
      </object_component>
      <object_component id="oc-300">
         <name>.debug_line</name>
         <load_address>0x381</load_address>
         <run_address>0x381</run_address>
         <size>0x70</size>
         <input_file_ref idref="fl-2"/>
      </object_component>
      <object_component id="oc-338">
         <name>.debug_line</name>
         <load_address>0x3f1</load_address>
         <run_address>0x3f1</run_address>
         <size>0x55</size>
         <input_file_ref idref="fl-3"/>
      </object_component>
      <object_component id="oc-336">
         <name>.debug_line</name>
         <load_address>0x446</load_address>
         <run_address>0x446</run_address>
         <size>0x2f</size>
         <input_file_ref idref="fl-3"/>
      </object_component>
      <object_component id="oc-292">
         <name>.debug_line</name>
         <load_address>0x475</load_address>
         <run_address>0x475</run_address>
         <size>0x6b</size>
         <input_file_ref idref="fl-3"/>
      </object_component>
      <object_component id="oc-28c">
         <name>.debug_line</name>
         <load_address>0x4e0</load_address>
         <run_address>0x4e0</run_address>
         <size>0x44</size>
         <input_file_ref idref="fl-3"/>
      </object_component>
      <object_component id="oc-210">
         <name>.debug_line</name>
         <load_address>0x524</load_address>
         <run_address>0x524</run_address>
         <size>0x4e</size>
         <input_file_ref idref="fl-3"/>
      </object_component>
      <object_component id="oc-1ba">
         <name>.debug_line</name>
         <load_address>0x572</load_address>
         <run_address>0x572</run_address>
         <size>0x45</size>
         <input_file_ref idref="fl-3"/>
      </object_component>
      <object_component id="oc-171">
         <name>.debug_line</name>
         <load_address>0x5b7</load_address>
         <run_address>0x5b7</run_address>
         <size>0x49</size>
         <input_file_ref idref="fl-3"/>
      </object_component>
      <object_component id="oc-322">
         <name>.debug_line</name>
         <load_address>0x600</load_address>
         <run_address>0x600</run_address>
         <size>0x2a</size>
         <input_file_ref idref="fl-1e"/>
      </object_component>
      <object_component id="oc-23d">
         <name>.debug_line</name>
         <load_address>0x62a</load_address>
         <run_address>0x62a</run_address>
         <size>0x50</size>
         <input_file_ref idref="fl-1e"/>
      </object_component>
      <object_component id="oc-c1">
         <name>.debug_line</name>
         <load_address>0x67a</load_address>
         <run_address>0x67a</run_address>
         <size>0x40</size>
         <input_file_ref idref="fl-1f"/>
      </object_component>
      <object_component id="oc-227">
         <name>.debug_line</name>
         <load_address>0x6ba</load_address>
         <run_address>0x6ba</run_address>
         <size>0x5e</size>
         <input_file_ref idref="fl-20"/>
      </object_component>
      <object_component id="oc-222">
         <name>.debug_line</name>
         <load_address>0x718</load_address>
         <run_address>0x718</run_address>
         <size>0x55</size>
         <input_file_ref idref="fl-21"/>
      </object_component>
      <object_component id="oc-232">
         <name>.debug_line</name>
         <load_address>0x76d</load_address>
         <run_address>0x76d</run_address>
         <size>0x94</size>
         <input_file_ref idref="fl-22"/>
      </object_component>
      <object_component id="oc-24f">
         <name>.debug_line</name>
         <load_address>0x801</load_address>
         <run_address>0x801</run_address>
         <size>0x68</size>
         <input_file_ref idref="fl-23"/>
      </object_component>
      <object_component id="oc-21b">
         <name>.debug_line</name>
         <load_address>0x869</load_address>
         <run_address>0x869</run_address>
         <size>0x4d</size>
         <input_file_ref idref="fl-24"/>
      </object_component>
      <object_component id="oc-e0">
         <name>.debug_line</name>
         <load_address>0x8b6</load_address>
         <run_address>0x8b6</run_address>
         <size>0x3d</size>
         <input_file_ref idref="fl-32"/>
      </object_component>
      <object_component id="oc-bb">
         <name>.debug_line</name>
         <load_address>0x8f3</load_address>
         <run_address>0x8f3</run_address>
         <size>0x5e</size>
         <input_file_ref idref="fl-33"/>
      </object_component>
      <object_component id="oc-11e">
         <name>.debug_line</name>
         <load_address>0x951</load_address>
         <run_address>0x951</run_address>
         <size>0x2a</size>
         <input_file_ref idref="fl-35"/>
      </object_component>
      <object_component id="oc-f4">
         <name>.debug_line</name>
         <load_address>0x97b</load_address>
         <run_address>0x97b</run_address>
         <size>0x46</size>
         <input_file_ref idref="fl-35"/>
      </object_component>
      <object_component id="oc-274">
         <name>.debug_line</name>
         <load_address>0x9c1</load_address>
         <run_address>0x9c1</run_address>
         <size>0xc2</size>
         <input_file_ref idref="fl-36"/>
      </object_component>
      <object_component id="oc-18a">
         <name>.debug_line</name>
         <load_address>0xa83</load_address>
         <run_address>0xa83</run_address>
         <size>0x76</size>
         <input_file_ref idref="fl-36"/>
      </object_component>
      <object_component id="oc-278">
         <name>.debug_line</name>
         <load_address>0xaf9</load_address>
         <run_address>0xaf9</run_address>
         <size>0x2e</size>
         <input_file_ref idref="fl-36"/>
      </object_component>
      <object_component id="oc-289">
         <name>.debug_line</name>
         <load_address>0xb27</load_address>
         <run_address>0xb27</run_address>
         <size>0x9d</size>
         <input_file_ref idref="fl-36"/>
      </object_component>
      <object_component id="oc-200">
         <name>.debug_line</name>
         <load_address>0xbc4</load_address>
         <run_address>0xbc4</run_address>
         <size>0x9a</size>
         <input_file_ref idref="fl-36"/>
      </object_component>
      <object_component id="oc-27d">
         <name>.debug_line</name>
         <load_address>0xc5e</load_address>
         <run_address>0xc5e</run_address>
         <size>0x96</size>
         <input_file_ref idref="fl-36"/>
      </object_component>
      <object_component id="oc-12d">
         <name>.debug_line</name>
         <load_address>0xcf4</load_address>
         <run_address>0xcf4</run_address>
         <size>0x95</size>
         <input_file_ref idref="fl-37"/>
      </object_component>
      <object_component id="oc-141">
         <name>.debug_line</name>
         <load_address>0xd89</load_address>
         <run_address>0xd89</run_address>
         <size>0x3e</size>
         <input_file_ref idref="fl-3b"/>
      </object_component>
      <object_component id="oc-1ef">
         <name>.debug_line</name>
         <load_address>0xdc7</load_address>
         <run_address>0xdc7</run_address>
         <size>0x3a</size>
         <input_file_ref idref="fl-3c"/>
      </object_component>
      <object_component id="oc-135">
         <name>.debug_line</name>
         <load_address>0xe01</load_address>
         <run_address>0xe01</run_address>
         <size>0x20</size>
         <input_file_ref idref="fl-3d"/>
      </object_component>
      <object_component id="oc-3e">
         <name>.debug_line</name>
         <load_address>0xe21</load_address>
         <run_address>0xe21</run_address>
         <size>0x50</size>
         <input_file_ref idref="fl-3d"/>
      </object_component>
      <object_component id="oc-d9">
         <name>.debug_line</name>
         <load_address>0xe71</load_address>
         <run_address>0xe71</run_address>
         <size>0x3a</size>
         <input_file_ref idref="fl-3d"/>
      </object_component>
      <object_component id="oc-132">
         <name>.debug_line</name>
         <load_address>0xeab</load_address>
         <run_address>0xeab</run_address>
         <size>0x95</size>
         <input_file_ref idref="fl-3d"/>
      </object_component>
      <object_component id="oc-167">
         <name>.debug_line</name>
         <load_address>0xf40</load_address>
         <run_address>0xf40</run_address>
         <size>0x20</size>
         <input_file_ref idref="fl-3e"/>
      </object_component>
      <object_component id="oc-39">
         <name>.debug_line</name>
         <load_address>0xf60</load_address>
         <run_address>0xf60</run_address>
         <size>0x92</size>
         <input_file_ref idref="fl-3e"/>
      </object_component>
      <object_component id="oc-c8">
         <name>.debug_line</name>
         <load_address>0xff2</load_address>
         <run_address>0xff2</run_address>
         <size>0x3a</size>
         <input_file_ref idref="fl-3e"/>
      </object_component>
      <object_component id="oc-164">
         <name>.debug_line</name>
         <load_address>0x102c</load_address>
         <run_address>0x102c</run_address>
         <size>0x9d</size>
         <input_file_ref idref="fl-3e"/>
      </object_component>
      <object_component id="oc-125">
         <name>.debug_line</name>
         <load_address>0x10c9</load_address>
         <run_address>0x10c9</run_address>
         <size>0x99</size>
         <input_file_ref idref="fl-3e"/>
      </object_component>
      <object_component id="oc-334">
         <name>.debug_line</name>
         <load_address>0x1162</load_address>
         <run_address>0x1162</run_address>
         <size>0x20</size>
         <input_file_ref idref="fl-3f"/>
      </object_component>
      <object_component id="oc-249">
         <name>.debug_line</name>
         <load_address>0x1182</load_address>
         <run_address>0x1182</run_address>
         <size>0x6c</size>
         <input_file_ref idref="fl-3f"/>
      </object_component>
      <object_component id="oc-2b9">
         <name>.debug_line</name>
         <load_address>0x11ee</load_address>
         <run_address>0x11ee</run_address>
         <size>0x2e</size>
         <input_file_ref idref="fl-3f"/>
      </object_component>
      <object_component id="oc-331">
         <name>.debug_line</name>
         <load_address>0x121c</load_address>
         <run_address>0x121c</run_address>
         <size>0x2d</size>
         <input_file_ref idref="fl-40"/>
      </object_component>
      <object_component id="oc-243">
         <name>.debug_line</name>
         <load_address>0x1249</load_address>
         <run_address>0x1249</run_address>
         <size>0xcc</size>
         <input_file_ref idref="fl-40"/>
      </object_component>
      <object_component id="oc-2df">
         <name>.debug_line</name>
         <load_address>0x1315</load_address>
         <run_address>0x1315</run_address>
         <size>0x2e</size>
         <input_file_ref idref="fl-40"/>
      </object_component>
      <object_component id="oc-2c5">
         <name>.debug_line</name>
         <load_address>0x1343</load_address>
         <run_address>0x1343</run_address>
         <size>0x75</size>
         <input_file_ref idref="fl-41"/>
      </object_component>
      <object_component id="oc-30c">
         <name>.debug_line</name>
         <load_address>0x13b8</load_address>
         <run_address>0x13b8</run_address>
         <size>0x20</size>
         <input_file_ref idref="fl-42"/>
      </object_component>
      <object_component id="oc-238">
         <name>.debug_line</name>
         <load_address>0x13d8</load_address>
         <run_address>0x13d8</run_address>
         <size>0x57</size>
         <input_file_ref idref="fl-42"/>
      </object_component>
      <object_component id="oc-22d">
         <name>.debug_line</name>
         <load_address>0x142f</load_address>
         <run_address>0x142f</run_address>
         <size>0x3d</size>
         <input_file_ref idref="fl-43"/>
      </object_component>
      <object_component id="oc-33b">
         <name>.debug_line</name>
         <load_address>0x146c</load_address>
         <run_address>0x146c</run_address>
         <size>0x20</size>
         <input_file_ref idref="fl-44"/>
      </object_component>
      <object_component id="oc-2a3">
         <name>.debug_line</name>
         <load_address>0x148c</load_address>
         <run_address>0x148c</run_address>
         <size>0x71</size>
         <input_file_ref idref="fl-44"/>
      </object_component>
      <object_component id="oc-349">
         <name>.debug_line</name>
         <load_address>0x14fd</load_address>
         <run_address>0x14fd</run_address>
         <size>0x2d</size>
         <input_file_ref idref="fl-45"/>
      </object_component>
      <object_component id="oc-2d9">
         <name>.debug_line</name>
         <load_address>0x152a</load_address>
         <run_address>0x152a</run_address>
         <size>0xfd</size>
         <input_file_ref idref="fl-45"/>
      </object_component>
      <object_component id="oc-2cb">
         <name>.debug_line</name>
         <load_address>0x1627</load_address>
         <run_address>0x1627</run_address>
         <size>0x49</size>
         <input_file_ref idref="fl-46"/>
      </object_component>
      <object_component id="oc-34b">
         <name>.debug_line</name>
         <load_address>0x1670</load_address>
         <run_address>0x1670</run_address>
         <size>0x20</size>
         <input_file_ref idref="fl-47"/>
      </object_component>
      <object_component id="oc-32d">
         <name>.debug_line</name>
         <load_address>0x1690</load_address>
         <run_address>0x1690</run_address>
         <size>0x82</size>
         <input_file_ref idref="fl-47"/>
      </object_component>
      <object_component id="oc-2bf">
         <name>.debug_line</name>
         <load_address>0x1712</load_address>
         <run_address>0x1712</run_address>
         <size>0x4b</size>
         <input_file_ref idref="fl-48"/>
      </object_component>
      <object_component id="oc-17f">
         <name>.debug_line</name>
         <load_address>0x175d</load_address>
         <run_address>0x175d</run_address>
         <size>0x3d</size>
         <input_file_ref idref="fl-49"/>
      </object_component>
      <object_component id="oc-169">
         <name>.debug_line</name>
         <load_address>0x179a</load_address>
         <run_address>0x179a</run_address>
         <size>0x20</size>
         <input_file_ref idref="fl-4c"/>
      </object_component>
      <object_component id="oc-d0">
         <name>.debug_line</name>
         <load_address>0x17ba</load_address>
         <run_address>0x17ba</run_address>
         <size>0x42</size>
         <input_file_ref idref="fl-4c"/>
      </object_component>
      <object_component id="oc-344">
         <name>.debug_line</name>
         <load_address>0x17fc</load_address>
         <run_address>0x17fc</run_address>
         <size>0x20</size>
         <input_file_ref idref="fl-4d"/>
      </object_component>
      <object_component id="oc-2d2">
         <name>.debug_line</name>
         <load_address>0x181c</load_address>
         <run_address>0x181c</run_address>
         <size>0xae</size>
         <input_file_ref idref="fl-4d"/>
      </object_component>
      <object_component id="oc-341">
         <name>.debug_line</name>
         <load_address>0x18ca</load_address>
         <run_address>0x18ca</run_address>
         <size>0x9d</size>
         <input_file_ref idref="fl-4d"/>
      </object_component>
      <object_component id="oc-31e">
         <name>.debug_line</name>
         <load_address>0x1967</load_address>
         <run_address>0x1967</run_address>
         <size>0x9a</size>
         <input_file_ref idref="fl-4d"/>
      </object_component>
      <object_component id="oc-2ae">
         <name>.debug_line</name>
         <load_address>0x1a01</load_address>
         <run_address>0x1a01</run_address>
         <size>0x4e</size>
         <input_file_ref idref="fl-4e"/>
      </object_component>
      <object_component id="oc-319">
         <name>.debug_line</name>
         <load_address>0x1a4f</load_address>
         <run_address>0x1a4f</run_address>
         <size>0x3e</size>
         <input_file_ref idref="fl-4f"/>
      </object_component>
      <object_component id="oc-2b0">
         <name>.debug_line</name>
         <load_address>0x1a8d</load_address>
         <run_address>0x1a8d</run_address>
         <size>0x56</size>
         <input_file_ref idref="fl-4f"/>
      </object_component>
      <object_component id="oc-b6">
         <name>.debug_line</name>
         <load_address>0x1ae3</load_address>
         <run_address>0x1ae3</run_address>
         <size>0x4e</size>
         <input_file_ref idref="fl-50"/>
      </object_component>
      <object_component id="oc-327">
         <name>.debug_line</name>
         <load_address>0x1b31</load_address>
         <run_address>0x1b31</run_address>
         <size>0x3e</size>
         <input_file_ref idref="fl-51"/>
      </object_component>
      <object_component id="oc-2e6">
         <name>.debug_line</name>
         <load_address>0x1b6f</load_address>
         <run_address>0x1b6f</run_address>
         <size>0x56</size>
         <input_file_ref idref="fl-51"/>
      </object_component>
      <object_component id="oc-314">
         <name>.debug_line</name>
         <load_address>0x1bc5</load_address>
         <run_address>0x1bc5</run_address>
         <size>0x42</size>
         <input_file_ref idref="fl-52"/>
      </object_component>
      <object_component id="oc-303">
         <name>.debug_line</name>
         <load_address>0x1c07</load_address>
         <run_address>0x1c07</run_address>
         <size>0x65</size>
         <input_file_ref idref="fl-52"/>
      </object_component>
      <object_component id="oc-1cb">
         <name>.debug_frame</name>
         <load_address>0x0</load_address>
         <run_address>0x0</run_address>
         <size>0x64</size>
         <input_file_ref idref="fl-2"/>
      </object_component>
      <object_component id="oc-178">
         <name>.debug_frame</name>
         <load_address>0x64</load_address>
         <run_address>0x64</run_address>
         <size>0x44</size>
         <input_file_ref idref="fl-2"/>
      </object_component>
      <object_component id="oc-14a">
         <name>.debug_frame</name>
         <load_address>0xa8</load_address>
         <run_address>0xa8</run_address>
         <size>0x3c</size>
         <input_file_ref idref="fl-2"/>
      </object_component>
      <object_component id="oc-293">
         <name>.debug_frame</name>
         <load_address>0xe4</load_address>
         <run_address>0xe4</run_address>
         <size>0x44</size>
         <input_file_ref idref="fl-3"/>
      </object_component>
      <object_component id="oc-28d">
         <name>.debug_frame</name>
         <load_address>0x128</load_address>
         <run_address>0x128</run_address>
         <size>0x3c</size>
         <input_file_ref idref="fl-3"/>
      </object_component>
      <object_component id="oc-211">
         <name>.debug_frame</name>
         <load_address>0x164</load_address>
         <run_address>0x164</run_address>
         <size>0x44</size>
         <input_file_ref idref="fl-3"/>
      </object_component>
      <object_component id="oc-1bb">
         <name>.debug_frame</name>
         <load_address>0x1a8</load_address>
         <run_address>0x1a8</run_address>
         <size>0x3c</size>
         <input_file_ref idref="fl-3"/>
      </object_component>
      <object_component id="oc-172">
         <name>.debug_frame</name>
         <load_address>0x1e4</load_address>
         <run_address>0x1e4</run_address>
         <size>0x3c</size>
         <input_file_ref idref="fl-3"/>
      </object_component>
      <object_component id="oc-23e">
         <name>.debug_frame</name>
         <load_address>0x220</load_address>
         <run_address>0x220</run_address>
         <size>0x8c</size>
         <input_file_ref idref="fl-1e"/>
      </object_component>
      <object_component id="oc-f8">
         <name>.debug_frame</name>
         <load_address>0x2ac</load_address>
         <run_address>0x2ac</run_address>
         <size>0x34</size>
         <input_file_ref idref="fl-35"/>
      </object_component>
      <object_component id="oc-18b">
         <name>.debug_frame</name>
         <load_address>0x2e0</load_address>
         <run_address>0x2e0</run_address>
         <size>0x44</size>
         <input_file_ref idref="fl-36"/>
      </object_component>
      <object_component id="oc-142">
         <name>.debug_frame</name>
         <load_address>0x324</load_address>
         <run_address>0x324</run_address>
         <size>0x3c</size>
         <input_file_ref idref="fl-3b"/>
      </object_component>
      <object_component id="oc-1f0">
         <name>.debug_frame</name>
         <load_address>0x360</load_address>
         <run_address>0x360</run_address>
         <size>0x3c</size>
         <input_file_ref idref="fl-3c"/>
      </object_component>
      <object_component id="oc-3f">
         <name>.debug_frame</name>
         <load_address>0x39c</load_address>
         <run_address>0x39c</run_address>
         <size>0x3c</size>
         <input_file_ref idref="fl-3d"/>
      </object_component>
      <object_component id="oc-35">
         <name>.debug_frame</name>
         <load_address>0x3d8</load_address>
         <run_address>0x3d8</run_address>
         <size>0x48</size>
         <input_file_ref idref="fl-3e"/>
      </object_component>
      <object_component id="oc-24a">
         <name>.debug_frame</name>
         <load_address>0x420</load_address>
         <run_address>0x420</run_address>
         <size>0x44</size>
         <input_file_ref idref="fl-3f"/>
      </object_component>
      <object_component id="oc-244">
         <name>.debug_frame</name>
         <load_address>0x464</load_address>
         <run_address>0x464</run_address>
         <size>0x68</size>
         <input_file_ref idref="fl-40"/>
      </object_component>
      <object_component id="oc-2c6">
         <name>.debug_frame</name>
         <load_address>0x4cc</load_address>
         <run_address>0x4cc</run_address>
         <size>0x4c</size>
         <input_file_ref idref="fl-41"/>
      </object_component>
      <object_component id="oc-234">
         <name>.debug_frame</name>
         <load_address>0x518</load_address>
         <run_address>0x518</run_address>
         <size>0x48</size>
         <input_file_ref idref="fl-42"/>
      </object_component>
      <object_component id="oc-229">
         <name>.debug_frame</name>
         <load_address>0x560</load_address>
         <run_address>0x560</run_address>
         <size>0x3c</size>
         <input_file_ref idref="fl-43"/>
      </object_component>
      <object_component id="oc-2a4">
         <name>.debug_frame</name>
         <load_address>0x59c</load_address>
         <run_address>0x59c</run_address>
         <size>0x44</size>
         <input_file_ref idref="fl-44"/>
      </object_component>
      <object_component id="oc-2da">
         <name>.debug_frame</name>
         <load_address>0x5e0</load_address>
         <run_address>0x5e0</run_address>
         <size>0x64</size>
         <input_file_ref idref="fl-45"/>
      </object_component>
      <object_component id="oc-2cc">
         <name>.debug_frame</name>
         <load_address>0x644</load_address>
         <run_address>0x644</run_address>
         <size>0x40</size>
         <input_file_ref idref="fl-46"/>
      </object_component>
      <object_component id="oc-329">
         <name>.debug_frame</name>
         <load_address>0x684</load_address>
         <run_address>0x684</run_address>
[...]
      </symbol>
      <symbol id="sm-1c3">
         <name>__TI_int10</name>
         <value>0xfff4</value>
         <object_component_ref idref="oc-48"/>
      </symbol>
      <symbol id="sm-1c6">
         <name>__TI_int11</name>
         <value>0xfff6</value>
         <object_component_ref idref="oc-49"/>
      </symbol>
      <symbol id="sm-1c9">
         <name>__TI_int12</name>
         <value>0xfff8</value>
         <object_component_ref idref="oc-4a"/>
      </symbol>
      <symbol id="sm-1cc">
         <name>__TI_int13</name>
         <value>0xfffa</value>
         <object_component_ref idref="oc-4b"/>
      </symbol>
      <symbol id="sm-1cf">
         <name>__TI_int14</name>
         <value>0xfffc</value>
         <object_component_ref idref="oc-4c"/>
      </symbol>
      <symbol id="sm-1d7">
         <name>__TI_ISR_TRAP</name>
         <value>0xd342</value>
         <object_component_ref idref="oc-dc"/>
      </symbol>
      <symbol id="sm-1df">
         <name>__mspabi_srli_8</name>
         <value>0xcfe4</value>
         <object_component_ref idref="oc-ba"/>
      </symbol>
      <symbol id="sm-1e0">
         <name>__mspabi_srli_9</name>
         <value>0xcfe0</value>
         <object_component_ref idref="oc-ba"/>
      </symbol>
      <symbol id="sm-1e1">
         <name>__mspabi_srli_6</name>
         <value>0xcfec</value>
         <object_component_ref idref="oc-ba"/>
      </symbol>
      <symbol id="sm-1e2">
         <name>__mspabi_srli_7</name>
         <value>0xcfe8</value>
         <object_component_ref idref="oc-ba"/>
      </symbol>
      <symbol id="sm-1e3">
         <name>__mspabi_srli_4</name>
         <value>0xcff4</value>
         <object_component_ref idref="oc-ba"/>
      </symbol>
      <symbol id="sm-1e4">
         <name>__mspabi_srli_5</name>
         <value>0xcff0</value>
         <object_component_ref idref="oc-ba"/>
      </symbol>
      <symbol id="sm-1e5">
         <name>__mspabi_srli_2</name>
         <value>0xcffc</value>
         <object_component_ref idref="oc-ba"/>
      </symbol>
      <symbol id="sm-1e6">
         <name>__mspabi_srli_3</name>
         <value>0xcff8</value>
         <object_component_ref idref="oc-ba"/>
      </symbol>
      <symbol id="sm-1e7">
         <name>__mspabi_srli_1</name>
         <value>0xd000</value>
         <object_component_ref idref="oc-ba"/>
      </symbol>
      <symbol id="sm-1e8">
         <name>__mspabi_srli</name>
         <value>0xcfba</value>
         <object_component_ref idref="oc-ba"/>
      </symbol>
      <symbol id="sm-1e9">
         <name>__mspabi_srli_15</name>
         <value>0xcfc8</value>
         <object_component_ref idref="oc-ba"/>
      </symbol>
      <symbol id="sm-1ea">
         <name>__mspabi_srli_14</name>
         <value>0xcfcc</value>
         <object_component_ref idref="oc-ba"/>
      </symbol>
      <symbol id="sm-1eb">
         <name>__mspabi_srli_13</name>
         <value>0xcfd0</value>
         <object_component_ref idref="oc-ba"/>
      </symbol>
      <symbol id="sm-1ec">
         <name>__mspabi_srli_12</name>
         <value>0xcfd4</value>
         <object_component_ref idref="oc-ba"/>
      </symbol>
      <symbol id="sm-1ed">
         <name>__mspabi_srli_11</name>
         <value>0xcfd8</value>
         <object_component_ref idref="oc-ba"/>
      </symbol>
      <symbol id="sm-1ee">
         <name>__mspabi_srli_10</name>
         <value>0xcfdc</value>
         <object_component_ref idref="oc-ba"/>
      </symbol>
      <symbol id="sm-1ff">
         <name>_stack</name>
         <value>0x3b0</value>
         <object_component_ref idref="oc-b1"/>
      </symbol>
      <symbol id="sm-200">
         <name>_c_int00_noargs</name>
         <value>0xd2b4</value>
         <object_component_ref idref="oc-f3"/>
      </symbol>
      <symbol id="sm-201">
         <name>_reset_vector</name>
         <value>0xfffe</value>
         <object_component_ref idref="oc-b4"/>
      </symbol>
      <symbol id="sm-223">
         <name>__TI_auto_init_nobinit_nopinit</name>
         <value>0xd050</value>
         <object_component_ref idref="oc-186"/>
      </symbol>
      <symbol id="sm-235">
         <name>_system_pre_init</name>
         <value>0xd356</value>
         <object_component_ref idref="oc-13f"/>
      </symbol>
      <symbol id="sm-23e">
         <name>_system_post_cinit</name>
         <value>0xd35a</value>
         <object_component_ref idref="oc-1eb"/>
      </symbol>
      <symbol id="sm-254">
         <name>__TI_decompress_none</name>
         <value>0xd2d0</value>
         <object_component_ref idref="oc-3a"/>
      </symbol>
      <symbol id="sm-277">
         <name>__TI_decompress_lzss</name>
         <value>0xcd3c</value>
         <object_component_ref idref="oc-34"/>
      </symbol>
      <symbol id="sm-28f">
         <name>__mspabi_cvtdf</name>
         <value>0xcc26</value>
         <object_component_ref idref="oc-245"/>
      </symbol>
      <symbol id="sm-2b6">
         <name>__mspabi_addd</name>
         <value>0xc000</value>
         <object_component_ref idref="oc-23f"/>
      </symbol>
      <symbol id="sm-2d0">
         <name>__mspabi_cmpd</name>
         <value>0xc9c8</value>
         <object_component_ref idref="oc-2c1"/>
      </symbol>
      <symbol id="sm-2e1">
         <name>__mspabi_cvtfd</name>
         <value>0xcdb8</value>
         <object_component_ref idref="oc-233"/>
      </symbol>
      <symbol id="sm-2ea">
         <name>__mspabi_fltud</name>
         <value>0xd34a</value>
         <object_component_ref idref="oc-228"/>
      </symbol>
      <symbol id="sm-2ff">
         <name>__mspabi_fltuld</name>
         <value>0xccb2</value>
         <object_component_ref idref="oc-2a2"/>
      </symbol>
      <symbol id="sm-320">
         <name>__TI_frcaddd</name>
         <value>0xc2fa</value>
         <object_component_ref idref="oc-2d5"/>
      </symbol>
      <symbol id="sm-329">
         <name>__mspabi_negd</name>
         <value>0xd1f6</value>
         <object_component_ref idref="oc-2c7"/>
      </symbol>
      <symbol id="sm-33c">
         <name>__TI_renormd</name>
         <value>0xcb68</value>
         <object_component_ref idref="oc-328"/>
      </symbol>
      <symbol id="sm-345">
         <name>__mspabi_subd</name>
         <value>0xd144</value>
         <object_component_ref idref="oc-2bb"/>
      </symbol>
      <symbol id="sm-34f">
         <name>C$$EXIT</name>
         <value>0xd350</value>
         <object_component_ref idref="oc-17a"/>
      </symbol>
      <symbol id="sm-350">
         <name>abort</name>
         <value>0xd350</value>
         <object_component_ref idref="oc-17a"/>
      </symbol>
      <symbol id="sm-360">
         <name>memcpy</name>
         <value>0xd2f4</value>
         <object_component_ref idref="oc-cf"/>
      </symbol>
      <symbol id="sm-38a">
         <name>floorl</name>
         <value>0xc55a</value>
         <object_component_ref idref="oc-2cd"/>
      </symbol>
      <symbol id="sm-38b">
         <name>floor</name>
         <value>0xc55a</value>
         <object_component_ref idref="oc-2cd"/>
      </symbol>
      <symbol id="sm-393">
         <name>__mspabi_srai</name>
         <value>0xd19e</value>
         <object_component_ref idref="oc-2aa"/>
      </symbol>
      <symbol id="sm-394">
         <name>__mspabi_srai_8</name>
         <value>0xd1b8</value>
         <object_component_ref idref="oc-2aa"/>
      </symbol>
      <symbol id="sm-395">
         <name>__mspabi_srai_9</name>
         <value>0xd1b6</value>
         <object_component_ref idref="oc-2aa"/>
      </symbol>
      <symbol id="sm-396">
         <name>__mspabi_srai_6</name>
         <value>0xd1bc</value>
         <object_component_ref idref="oc-2aa"/>
      </symbol>
      <symbol id="sm-397">
         <name>__mspabi_srai_7</name>
         <value>0xd1ba</value>
         <object_component_ref idref="oc-2aa"/>
      </symbol>
      <symbol id="sm-398">
         <name>__mspabi_srai_4</name>
         <value>0xd1c0</value>
         <object_component_ref idref="oc-2aa"/>
      </symbol>
      <symbol id="sm-399">
         <name>__mspabi_srai_5</name>
         <value>0xd1be</value>
         <object_component_ref idref="oc-2aa"/>
      </symbol>
      <symbol id="sm-39a">
         <name>__mspabi_srai_2</name>
         <value>0xd1c4</value>
         <object_component_ref idref="oc-2aa"/>
      </symbol>
      <symbol id="sm-39b">
         <name>__mspabi_srai_3</name>
         <value>0xd1c2</value>
         <object_component_ref idref="oc-2aa"/>
      </symbol>
      <symbol id="sm-39c">
         <name>__mspabi_srai_1</name>
         <value>0xd1c6</value>
         <object_component_ref idref="oc-2aa"/>
      </symbol>
      <symbol id="sm-39d">
         <name>__mspabi_srai_15</name>
         <value>0xd1aa</value>
         <object_component_ref idref="oc-2aa"/>
      </symbol>
      <symbol id="sm-39e">
         <name>__mspabi_srai_14</name>
         <value>0xd1ac</value>
         <object_component_ref idref="oc-2aa"/>
      </symbol>
      <symbol id="sm-39f">
         <name>__mspabi_srai_13</name>
         <value>0xd1ae</value>
         <object_component_ref idref="oc-2aa"/>
      </symbol>
      <symbol id="sm-3a0">
         <name>__mspabi_srai_12</name>
         <value>0xd1b0</value>
         <object_component_ref idref="oc-2aa"/>
      </symbol>
      <symbol id="sm-3a1">
         <name>__mspabi_srai_11</name>
         <value>0xd1b2</value>
         <object_component_ref idref="oc-2aa"/>
      </symbol>
      <symbol id="sm-3a2">
         <name>__mspabi_srai_10</name>
         <value>0xd1b4</value>
         <object_component_ref idref="oc-2aa"/>
      </symbol>
      <symbol id="sm-3b2">
         <name>__mspabi_sral</name>
         <value>0xd306</value>
         <object_component_ref idref="oc-315"/>
      </symbol>
      <symbol id="sm-3b3">
         <name>__mspabi_sral_15</name>
         <value>0xd092</value>
         <object_component_ref idref="oc-2af"/>
      </symbol>
      <symbol id="sm-3b4">
         <name>__mspabi_sral_14</name>
         <value>0xd096</value>
         <object_component_ref idref="oc-2af"/>
      </symbol>
      <symbol id="sm-3b5">
         <name>__mspabi_sral_13</name>
         <value>0xd09a</value>
         <object_component_ref idref="oc-2af"/>
      </symbol>
      <symbol id="sm-3b6">
         <name>__mspabi_sral_12</name>
         <value>0xd09e</value>
         <object_component_ref idref="oc-2af"/>
      </symbol>
      <symbol id="sm-3b7">
         <name>__mspabi_sral_11</name>
         <value>0xd0a2</value>
         <object_component_ref idref="oc-2af"/>
      </symbol>
      <symbol id="sm-3b8">
         <name>__mspabi_sral_10</name>
         <value>0xd0a6</value>
         <object_component_ref idref="oc-2af"/>
      </symbol>
      <symbol id="sm-3b9">
         <name>__mspabi_sral_8</name>
         <value>0xd0ae</value>
         <object_component_ref idref="oc-2af"/>
      </symbol>
      <symbol id="sm-3ba">
         <name>__mspabi_sral_9</name>
         <value>0xd0aa</value>
         <object_component_ref idref="oc-2af"/>
      </symbol>
      <symbol id="sm-3bb">
         <name>__mspabi_sral_6</name>
         <value>0xd0b6</value>
         <object_component_ref idref="oc-2af"/>
      </symbol>
      <symbol id="sm-3bc">
         <name>__mspabi_sral_7</name>
         <value>0xd0b2</value>
         <object_component_ref idref="oc-2af"/>
      </symbol>
      <symbol id="sm-3bd">
         <name>__mspabi_sral_4</name>
         <value>0xd0be</value>
         <object_component_ref idref="oc-2af"/>
      </symbol>
      <symbol id="sm-3be">
         <name>__mspabi_sral_5</name>
         <value>0xd0ba</value>
         <object_component_ref idref="oc-2af"/>
      </symbol>
      <symbol id="sm-3bf">
         <name>__mspabi_sral_2</name>
         <value>0xd0c6</value>
         <object_component_ref idref="oc-2af"/>
      </symbol>
      <symbol id="sm-3c0">
         <name>__mspabi_sral_3</name>
         <value>0xd0c2</value>
         <object_component_ref idref="oc-2af"/>
      </symbol>
      <symbol id="sm-3c1">
         <name>__mspabi_sral_1</name>
         <value>0xd0ca</value>
         <object_component_ref idref="oc-2af"/>
      </symbol>
      <symbol id="sm-3c9">
         <name>__mspabi_slli</name>
         <value>0xd1ca</value>
         <object_component_ref idref="oc-b5"/>
      </symbol>
      <symbol id="sm-3ca">
         <name>__mspabi_slli_9</name>
         <value>0xd1e2</value>
         <object_component_ref idref="oc-b5"/>
      </symbol>
      <symbol id="sm-3cb">
         <name>__mspabi_slli_8</name>
         <value>0xd1e4</value>
         <object_component_ref idref="oc-b5"/>
      </symbol>
      <symbol id="sm-3cc">
         <name>__mspabi_slli_7</name>
         <value>0xd1e6</value>
         <object_component_ref idref="oc-b5"/>
      </symbol>
      <symbol id="sm-3cd">
         <name>__mspabi_slli_6</name>
         <value>0xd1e8</value>
         <object_component_ref idref="oc-b5"/>
      </symbol>
      <symbol id="sm-3ce">
         <name>__mspabi_slli_5</name>
         <value>0xd1ea</value>
         <object_component_ref idref="oc-b5"/>
      </symbol>
      <symbol id="sm-3cf">
         <name>__mspabi_slli_4</name>
         <value>0xd1ec</value>
         <object_component_ref idref="oc-b5"/>
      </symbol>
      <symbol id="sm-3d0">
         <name>__mspabi_slli_3</name>
         <value>0xd1ee</value>
         <object_component_ref idref="oc-b5"/>
      </symbol>
      <symbol id="sm-3d1">
         <name>__mspabi_slli_2</name>
         <value>0xd1f0</value>
         <object_component_ref idref="oc-b5"/>
      </symbol>
      <symbol id="sm-3d2">
         <name>__mspabi_slli_1</name>
         <value>0xd1f2</value>
         <object_component_ref idref="oc-b5"/>
      </symbol>
      <symbol id="sm-3d3">
         <name>__mspabi_slli_15</name>
         <value>0xd1d6</value>
         <object_component_ref idref="oc-b5"/>
      </symbol>
      <symbol id="sm-3d4">
         <name>__mspabi_slli_14</name>
         <value>0xd1d8</value>
         <object_component_ref idref="oc-b5"/>
      </symbol>
      <symbol id="sm-3d5">
         <name>__mspabi_slli_13</name>
         <value>0xd1da</value>
         <object_component_ref idref="oc-b5"/>
      </symbol>
      <symbol id="sm-3d6">
         <name>__mspabi_slli_12</name>
         <value>0xd1dc</value>
         <object_component_ref idref="oc-b5"/>
      </symbol>
      <symbol id="sm-3d7">
         <name>__mspabi_slli_11</name>
         <value>0xd1de</value>
         <object_component_ref idref="oc-b5"/>
      </symbol>
      <symbol id="sm-3d8">
         <name>__mspabi_slli_10</name>
         <value>0xd1e0</value>
         <object_component_ref idref="oc-b5"/>
      </symbol>
      <symbol id="sm-3e8">
         <name>__mspabi_slll_9</name>
         <value>0xd0e8</value>
         <object_component_ref idref="oc-2e2"/>
      </symbol>
      <symbol id="sm-3e9">
         <name>__mspabi_slll_8</name>
         <value>0xd0ec</value>
         <object_component_ref idref="oc-2e2"/>
      </symbol>
      <symbol id="sm-3ea">
         <name>__mspabi_slll_7</name>
         <value>0xd0f0</value>
         <object_component_ref idref="oc-2e2"/>
      </symbol>
      <symbol id="sm-3eb">
         <name>__mspabi_slll_6</name>
         <value>0xd0f4</value>
         <object_component_ref idref="oc-2e2"/>
      </symbol>
      <symbol id="sm-3ec">
         <name>__mspabi_slll_5</name>
         <value>0xd0f8</value>
         <object_component_ref idref="oc-2e2"/>
      </symbol>
      <symbol id="sm-3ed">
         <name>__mspabi_slll_4</name>
         <value>0xd0fc</value>
         <object_component_ref idref="oc-2e2"/>
      </symbol>
      <symbol id="sm-3ee">
         <name>__mspabi_slll_3</name>
         <value>0xd100</value>
         <object_component_ref idref="oc-2e2"/>
      </symbol>
      <symbol id="sm-3ef">
         <name>__mspabi_slll_2</name>
         <value>0xd104</value>
         <object_component_ref idref="oc-2e2"/>
      </symbol>
      <symbol id="sm-3f0">
         <name>__mspabi_slll_1</name>
         <value>0xd108</value>
         <object_component_ref idref="oc-2e2"/>
      </symbol>
      <symbol id="sm-3f1">
         <name>__mspabi_slll</name>
         <value>0xd316</value>
         <object_component_ref idref="oc-323"/>
      </symbol>
      <symbol id="sm-3f2">
         <name>__mspabi_slll_15</name>
         <value>0xd0d0</value>
         <object_component_ref idref="oc-2e2"/>
      </symbol>
      <symbol id="sm-3f3">
         <name>__mspabi_slll_14</name>
         <value>0xd0d4</value>
         <object_component_ref idref="oc-2e2"/>
      </symbol>
      <symbol id="sm-3f4">
         <name>__mspabi_slll_13</name>
         <value>0xd0d8</value>
         <object_component_ref idref="oc-2e2"/>
      </symbol>
      <symbol id="sm-3f5">
         <name>__mspabi_slll_12</name>
         <value>0xd0dc</value>
         <object_component_ref idref="oc-2e2"/>
      </symbol>
      <symbol id="sm-3f6">
         <name>__mspabi_slll_11</name>
         <value>0xd0e0</value>
         <object_component_ref idref="oc-2e2"/>
      </symbol>
      <symbol id="sm-3f7">
         <name>__mspabi_slll_10</name>
         <value>0xd0e4</value>
         <object_component_ref idref="oc-2e2"/>
      </symbol>
      <symbol id="sm-407">
         <name>__mspabi_srll_8</name>
         <value>0xcf2e</value>
         <object_component_ref idref="oc-302"/>
      </symbol>
      <symbol id="sm-408">
         <name>__mspabi_srll_9</name>
         <value>0xcf28</value>
         <object_component_ref idref="oc-302"/>
      </symbol>
      <symbol id="sm-409">
         <name>__mspabi_srll_6</name>
         <value>0xcf3a</value>
         <object_component_ref idref="oc-302"/>
      </symbol>
      <symbol id="sm-40a">
         <name>__mspabi_srll_7</name>
         <value>0xcf34</value>
         <object_component_ref idref="oc-302"/>
      </symbol>
      <symbol id="sm-40b">
         <name>__mspabi_srll_4</name>
         <value>0xcf46</value>
         <object_component_ref idref="oc-302"/>
      </symbol>
      <symbol id="sm-40c">
         <name>__mspabi_srll_5</name>
         <value>0xcf40</value>
         <object_component_ref idref="oc-302"/>
      </symbol>
      <symbol id="sm-40d">
         <name>__mspabi_srll_2</name>
         <value>0xcf52</value>
         <object_component_ref idref="oc-302"/>
      </symbol>
      <symbol id="sm-40e">
         <name>__mspabi_srll_3</name>
         <value>0xcf4c</value>
         <object_component_ref idref="oc-302"/>
      </symbol>
      <symbol id="sm-40f">
         <name>__mspabi_srll_1</name>
         <value>0xcf58</value>
         <object_component_ref idref="oc-302"/>
      </symbol>
      <symbol id="sm-410">
         <name>__mspabi_srll_15</name>
         <value>0xcf04</value>
         <object_component_ref idref="oc-302"/>
      </symbol>
      <symbol id="sm-411">
         <name>__mspabi_srll_14</name>
         <value>0xcf0a</value>
         <object_component_ref idref="oc-302"/>
      </symbol>
      <symbol id="sm-412">
         <name>__mspabi_srll_13</name>
         <value>0xcf10</value>
         <object_component_ref idref="oc-302"/>
      </symbol>
      <symbol id="sm-413">
         <name>__mspabi_srll_12</name>
         <value>0xcf16</value>
         <object_component_ref idref="oc-302"/>
      </symbol>
      <symbol id="sm-414">
         <name>__mspabi_srll_11</name>
         <value>0xcf1c</value>
         <object_component_ref idref="oc-302"/>
      </symbol>
      <symbol id="sm-415">
         <name>__mspabi_srll_10</name>
         <value>0xcf22</value>
         <object_component_ref idref="oc-302"/>
      </symbol>
      <symbol id="sm-416">
         <name>__mspabi_srll</name>
         <value>0xd2e2</value>
         <object_component_ref idref="oc-310"/>
      </symbol>
   </symbol_table>
   <title>Link successful</title>
</link_info>
