******************************************************************************
                  MSP430 Linker PC v18.1.4                     
******************************************************************************
>> Linked Thu Dec 20 23:28:45 2018

OUTPUT FILE NAME:   <NeoPixelG2.out>
ENTRY POINT SYMBOL: "_c_int00_noargs"  address: 0000d2b4


MEMORY CONFIGURATION

         name            origin    length      used     unused   attr    fill
----------------------  --------  ---------  --------  --------  ----  --------
  SFR                   00000000   00000010  00000000  00000010  RWIX
  PERIPHERALS_8BIT      00000010   000000f0  00000000  000000f0  RWIX
  PERIPHERALS_16BIT     00000100   00000100  00000000  00000100  RWIX
  RAM                   00000200   00000200  0000017c  00000084  RWIX
  INFOD                 00001000   00000040  00000000  00000040  RWIX
  INFOC                 00001040   00000040  00000000  00000040  RWIX
  INFOB                 00001080   00000040  00000000  00000040  RWIX
  INFOA                 000010c0   00000040  00000000  00000040  RWIX
  FLASH                 0000c000   00003fde  00001385  00002c59  RWIX
  BSLSIGNATURE          0000ffde   00000002  00000002  00000000  RWIX  ffff 
  INT00                 0000ffe0   00000002  00000002  00000000  RWIX
  INT01                 0000ffe2   00000002  00000000  00000002  RWIX
  INT02                 0000ffe4   00000002  00000002  00000000  RWIX
  INT03                 0000ffe6   00000002  00000002  00000000  RWIX
  INT04                 0000ffe8   00000002  00000000  00000002  RWIX
  INT05                 0000ffea   00000002  00000002  00000000  RWIX
  INT06                 0000ffec   00000002  00000002  00000000  RWIX
  INT07                 0000ffee   00000002  00000002  00000000  RWIX
  INT08                 0000fff0   00000002  00000002  00000000  RWIX
  INT09                 0000fff2   00000002  00000002  00000000  RWIX
  INT10                 0000fff4   00000002  00000002  00000000  RWIX
  INT11                 0000fff6   00000002  00000002  00000000  RWIX
  INT12                 0000fff8   00000002  00000002  00000000  RWIX
  INT13                 0000fffa   00000002  00000002  00000000  RWIX
  INT14                 0000fffc   00000002  00000002  00000000  RWIX
  RESET                 0000fffe   00000002  00000002  00000000  RWIX


SECTION ALLOCATION MAP

 output                                  attributes/
section   page    origin      length       input sections
--------  ----  ----------  ----------   ----------------
.data      0    00000200    0000012c     UNINITIALIZED
                  00000200    0000012c     ws2812.obj (.data:leds)

.stack     0    000003b0    00000050     UNINITIALIZED
                  000003b0    00000002     rts430_eabi.lib : boot.c.obj (.stack)
                  000003b2    0000004e     --HOLE--

.text      0    0000c000    0000135c     
                  0000c000    000002fa     rts430_eabi.lib : addd.c.obj (.text:__mspabi_addd)
                  0000c2fa    00000260                     : frcaddd.c.obj (.text:__TI_frcaddd)
                  0000c55a    000001d0                     : s_floor.c.obj (.text:floor)
                  0000c72a    00000190     main.obj (.text:fadeAll)
                  0000c8ba    0000010e     rts430_eabi.lib : s_round.c.obj (.text:round)
                  0000c9c8    000000dc                     : cmpd.c.obj (.text:__mspabi_cmpd)
                  0000caa4    000000c4                     : fs_mpy.asm.obj (.text)
                  0000cb68    000000be                     : renormd.c.obj (.text:__TI_renormd)
                  0000cc26    0000008c                     : cvtdf.c.obj (.text:__mspabi_cvtdf)
                  0000ccb2    0000008a                     : fltuld.c.obj (.text:__mspabi_fltuld)
                  0000cd3c    0000007c                     : copy_decompress_lzss.c.obj (.text:decompress:lzss:__TI_decompress_lzss)
                  0000cdb8    00000072                     : cvtfd.c.obj (.text:__mspabi_cvtfd)
                  0000ce2a    00000072     ws2812.obj (.text:showStrip)
                  0000ce9c    00000068     rts430_eabi.lib : fs_toi.asm.obj (.text)
                  0000cf04    0000005c                     : lsr32.asm.obj (.text:l_lsr_const)
                  0000cf60    0000005a     main.obj (.text:colorWheel)
                  0000cfba    0000004c     rts430_eabi.lib : lsr16.asm.obj (.text)
                  0000d006    0000004a                     : fs_cmp.asm.obj (.text)
                  0000d050    00000042                     : autoinit.c.obj (.text:__TI_auto_init_nobinit_nopinit:__TI_auto_init_nobinit_nopinit)
                  0000d092    0000003e                     : asr32.asm.obj (.text:l_asr_const)
                  0000d0d0    0000003e                     : lsl32.asm.obj (.text:l_lsl_const)
                  0000d10e    00000036                     : fs_itof.asm.obj (.text)
                  0000d144    0000002e                     : subd.c.obj (.text:__mspabi_subd)
                  0000d172    0000002c     ws2812.obj (.text:initStrip)
                  0000d19e    0000002c     rts430_eabi.lib : asr16.asm.obj (.text)
                  0000d1ca    0000002c                     : lsl16.asm.obj (.text)
                  0000d1f6    0000002a                     : negd.c.obj (.text:__mspabi_negd)
                  0000d220    0000002a     ws2812.obj (.text:fillStrip)
                  0000d24a    00000026     main.obj (.text:main)
                  0000d270    00000024     rts430_eabi.lib : fs_utof.asm.obj (.text)
                  0000d294    00000020     ws2812.obj (.text:setLEDColor)
                  0000d2b4    0000001c     rts430_eabi.lib : boot.c.obj (.text:_c_int00_noargs)
                  0000d2d0    00000012                     : copy_decompress_none.c.obj (.text:decompress:none:__TI_decompress_none)
                  0000d2e2    00000012                     : lsr32.asm.obj (.text:l_lsr)
                  0000d2f4    00000012                     : memcpy.c.obj (.text:memcpy)
                  0000d306    00000010                     : asr32.asm.obj (.text:l_asr)
                  0000d316    00000010                     : lsl32.asm.obj (.text:l_lsl)
                  0000d326    00000010                     : epilog.asm.obj (.text)
                  0000d336    0000000c     ws2812.obj (.text:clearStrip)
                  0000d342    00000008     rts430_eabi.lib : isr_trap.asm.obj (.text:_isr:__TI_ISR_TRAP)
                  0000d34a    00000006                     : fltud.c.obj (.text:__mspabi_fltud)
                  0000d350    00000006                     : exit.c.obj (.text:abort)
                  0000d356    00000004                     : pre_init.c.obj (.text:_system_pre_init)
                  0000d35a    00000002                     : startup.c.obj (.text:_system_post_cinit)

.const     0    0000d35c    00000017     
                  0000d35c    00000003     main.obj (.const:.string:blue)
                  0000d35f    00000001     --HOLE-- [fill = 0]
                  0000d360    00000003     main.obj (.const:.string:cyan)
                  0000d363    00000001     --HOLE-- [fill = 0]
                  0000d364    00000003     main.obj (.const:.string:green)
                  0000d367    00000001     --HOLE-- [fill = 0]
                  0000d368    00000003     main.obj (.const:.string:magenta)
                  0000d36b    00000001     --HOLE-- [fill = 0]
                  0000d36c    00000003     main.obj (.const:.string:red)
                  0000d36f    00000001     --HOLE-- [fill = 0]
                  0000d370    00000003     main.obj (.const:.string:yellow)

.cinit     0    0000d374    00000012     
                  0000d374    00000009     (.cinit..data.load) [load image, compression = lzss]
                  0000d37d    00000001     --HOLE-- [fill = 0]
                  0000d37e    00000004     (__TI_handler_table)
                  0000d382    00000004     (__TI_cinit_table)

.binit     0    0000c000    00000000     

.init_array 
*          0    0000c000    00000000     UNINITIALIZED

TRAPINT    0    0000ffe0    00000002     
                  0000ffe0    00000002     rts430_eabi.lib : int00.asm.obj (.int00)

PORT1      0    0000ffe4    00000002     
                  0000ffe4    00000002     rts430_eabi.lib : int02.asm.obj (.int02)

PORT2      0    0000ffe6    00000002     
                  0000ffe6    00000002     rts430_eabi.lib : int03.asm.obj (.int03)

ADC10      0    0000ffea    00000002     
                  0000ffea    00000002     rts430_eabi.lib : int05.asm.obj (.int05)

USCIAB0TX 
*          0    0000ffec    00000002     
                  0000ffec    00000002     rts430_eabi.lib : int06.asm.obj (.int06)

USCIAB0RX 
*          0    0000ffee    00000002     
                  0000ffee    00000002     rts430_eabi.lib : int07.asm.obj (.int07)

TIMER0_A1 
*          0    0000fff0    00000002     
                  0000fff0    00000002     rts430_eabi.lib : int08.asm.obj (.int08)

TIMER0_A0 
*          0    0000fff2    00000002     
                  0000fff2    00000002     rts430_eabi.lib : int09.asm.obj (.int09)

WDT        0    0000fff4    00000002     
                  0000fff4    00000002     rts430_eabi.lib : int10.asm.obj (.int10)

COMPARATORA 
*          0    0000fff6    00000002     
                  0000fff6    00000002     rts430_eabi.lib : int11.asm.obj (.int11)

TIMER1_A1 
*          0    0000fff8    00000002     
                  0000fff8    00000002     rts430_eabi.lib : int12.asm.obj (.int12)

TIMER1_A0 
*          0    0000fffa    00000002     
                  0000fffa    00000002     rts430_eabi.lib : int13.asm.obj (.int13)

NMI        0    0000fffc    00000002     
                  0000fffc    00000002     rts430_eabi.lib : int14.asm.obj (.int14)

.reset     0    0000fffe    00000002     
                  0000fffe    00000002     rts430_eabi.lib : boot.c.obj (.reset)

$fill000   0    0000ffde    00000002     
                  0000ffde    00000002     --HOLE-- [fill = ffff]

MODULE SUMMARY

       Module                       code   ro data   rw data
       ------                       ----   -------   -------
    .\
       main.obj                     528    18        0      
       ws2812.obj                   244    0         300    
    +--+----------------------------+------+---------+---------+
       Total:                       772    18        300    
                                                            
    C:\ti\ccsv8\tools\compiler\ti-cgt-msp430_18.1.4.LTS\lib\rts430_eabi.lib
       addd.c.obj                   762    0         0      
       frcaddd.c.obj                608    0         0      
       s_floor.c.obj                464    0         0      
       s_round.c.obj                270    0         0      
       cmpd.c.obj                   220    0         0      
       fs_mpy.asm.obj               196    0         0      
       renormd.c.obj                190    0         0      
       cvtdf.c.obj                  140    0         0      
       fltuld.c.obj                 138    0         0      
       copy_decompress_lzss.c.obj   124    0         0      
       cvtfd.c.obj                  114    0         0      
       lsr32.asm.obj                110    0         0      
       fs_toi.asm.obj               104    0         0      
       asr32.asm.obj                78     0         0      
       lsl32.asm.obj                78     0         0      
       lsr16.asm.obj                76     0         0      
       fs_cmp.asm.obj               74     0         0      
       autoinit.c.obj               66     0         0      
       fs_itof.asm.obj              54     0         0      
       subd.c.obj                   46     0         0      
       asr16.asm.obj                44     0         0      
       lsl16.asm.obj                44     0         0      
       negd.c.obj                   42     0         0      
       fs_utof.asm.obj              36     0         0      
       boot.c.obj                   28     2         0      
       copy_decompress_none.c.obj   18     0         0      
       memcpy.c.obj                 18     0         0      
       epilog.asm.obj               16     0         0      
       isr_trap.asm.obj             8      0         0      
       exit.c.obj                   6      0         0      
       fltud.c.obj                  6      0         0      
       pre_init.c.obj               4      0         0      
       int00.asm.obj                0      2         0      
       int02.asm.obj                0      2         0      
       int03.asm.obj                0      2         0      
       int05.asm.obj                0      2         0      
       int06.asm.obj                0      2         0      
       int07.asm.obj                0      2         0      
       int08.asm.obj                0      2         0      
       int09.asm.obj                0      2         0      
       int10.asm.obj                0      2         0      
       int11.asm.obj                0      2         0      
       int12.asm.obj                0      2         0      
       int13.asm.obj                0      2         0      
       int14.asm.obj                0      2         0      
       startup.c.obj                2      0         0      
    +--+----------------------------+------+---------+---------+
       Total:                       4184   28        0      
                                                            
       Stack:                       0      0         80     
       Linker Generated:            0      17        0      
    +--+----------------------------+------+---------+---------+
       Grand Total:                 4956   63        380    


LINKER GENERATED COPY TABLES

__TI_cinit_table @ 0000d382 records: 1, size/record: 4, table size: 4
	.data: load addr=0000d374, load size=00000009 bytes, run addr=00000200, run size=0000012c bytes, compression=lzss


LINKER GENERATED HANDLER TABLE

__TI_handler_table @ 0000d37e records: 2, size/record: 2, table size: 4
	index: 0, handler: __TI_decompress_lzss
	index: 1, handler: __TI_decompress_none


GLOBAL SYMBOLS: SORTED ALPHABETICALLY BY Name 

address   name                          
-------   ----                          
0000004a  ADC10AE0                      
000001b0  ADC10CTL0                     
000001b2  ADC10CTL1                     
00000048  ADC10DTC0                     
00000049  ADC10DTC1                     
000001b4  ADC10MEM                      
000001bc  ADC10SA                       
00000057  BCSCTL1                       
00000058  BCSCTL2                       
00000053  BCSCTL3                       
0000d350  C$$EXIT                       
00000059  CACTL1                        
0000005a  CACTL2                        
000010fb  CALBC1_12MHZ                  
000010f9  CALBC1_16MHZ                  
000010ff  CALBC1_1MHZ                   
000010fd  CALBC1_8MHZ                   
000010fa  CALDCO_12MHZ                  
000010f8  CALDCO_16MHZ                  
000010fe  CALDCO_1MHZ                   
000010fc  CALDCO_8MHZ                   
0000005b  CAPD                          
00000056  DCOCTL                        
00000128  FCTL1                         
0000012a  FCTL2                         
0000012c  FCTL3                         
00000000  IE1                           
00000001  IE2                           
00000002  IFG1                          
00000003  IFG2                          
00000022  P1DIR                         
00000025  P1IE                          
00000024  P1IES                         
00000023  P1IFG                         
00000020  P1IN                          
00000021  P1OUT                         
00000027  P1REN                         
00000026  P1SEL                         
00000041  P1SEL2                        
0000002a  P2DIR                         
0000002d  P2IE                          
0000002c  P2IES                         
0000002b  P2IFG                         
00000028  P2IN                          
00000029  P2OUT                         
0000002f  P2REN                         
0000002e  P2SEL                         
00000042  P2SEL2                        
0000001a  P3DIR                         
00000018  P3IN                          
00000019  P3OUT                         
00000010  P3REN                         
0000001b  P3SEL                         
00000043  P3SEL2                        
00000172  TA0CCR0                       
00000174  TA0CCR1                       
00000176  TA0CCR2                       
00000162  TA0CCTL0                      
00000164  TA0CCTL1                      
00000166  TA0CCTL2                      
00000160  TA0CTL                        
0000012e  TA0IV                         
00000170  TA0R                          
00000192  TA1CCR0                       
00000194  TA1CCR1                       
00000196  TA1CCR2                       
00000182  TA1CCTL0                      
00000184  TA1CCTL1                      
00000186  TA1CCTL2                      
00000180  TA1CTL                        
0000011e  TA1IV                         
00000190  TA1R                          
000010db  TLV_ADC10_1_LEN               
000010da  TLV_ADC10_1_TAG               
000010c0  TLV_CHECKSUM                  
000010f7  TLV_DCO_30_LEN                
000010f6  TLV_DCO_30_TAG                
0000005d  UCA0ABCTL                     
00000062  UCA0BR0                       
00000063  UCA0BR1                       
00000060  UCA0CTL0                      
00000061  UCA0CTL1                      
0000005f  UCA0IRRCTL                    
0000005e  UCA0IRTCTL                    
00000064  UCA0MCTL                      
00000066  UCA0RXBUF                     
00000065  UCA0STAT                      
00000067  UCA0TXBUF                     
0000006a  UCB0BR0                       
0000006b  UCB0BR1                       
00000068  UCB0CTL0                      
00000069  UCB0CTL1                      
0000006c  UCB0I2CIE                     
00000118  UCB0I2COA                     
0000011a  UCB0I2CSA                     
0000006e  UCB0RXBUF                     
0000006d  UCB0STAT                      
0000006f  UCB0TXBUF                     
00000120  WDTCTL                        
00000400  __STACK_END                   
00000050  __STACK_SIZE                  
0000d382  __TI_CINIT_Base               
0000d386  __TI_CINIT_Limit              
0000d37e  __TI_Handler_Table_Base       
0000d382  __TI_Handler_Table_Limit      
0000d342  __TI_ISR_TRAP                 
0000d050  __TI_auto_init_nobinit_nopinit
0000cd3c  __TI_decompress_lzss          
0000d2d0  __TI_decompress_none          
0000c2fa  __TI_frcaddd                  
0000ffe0  __TI_int00                    
0000ffe4  __TI_int02                    
0000ffe6  __TI_int03                    
0000ffea  __TI_int05                    
0000ffec  __TI_int06                    
0000ffee  __TI_int07                    
0000fff0  __TI_int08                    
0000fff2  __TI_int09                    
0000fff4  __TI_int10                    
0000fff6  __TI_int11                    
0000fff8  __TI_int12                    
0000fffa  __TI_int13                    
0000fffc  __TI_int14                    
ffffffff  __TI_pprof_out_hndl           
ffffffff  __TI_prof_data_size           
ffffffff  __TI_prof_data_start          
0000cb68  __TI_renormd                  
ffffffff  __c_args__                    
0000c000  __mspabi_addd                 
0000c9c8  __mspabi_cmpd                 
0000d006  __mspabi_cmpf                 
0000cc26  __mspabi_cvtdf                
0000cdb8  __mspabi_cvtfd                
0000ce9c  __mspabi_fixfi                
0000d10e  __mspabi_fltif                
0000d34a  __mspabi_fltud                
0000d270  __mspabi_fltuf                
0000ccb2  __mspabi_fltuld               
0000d332  __mspabi_func_epilog_1        
0000d330  __mspabi_func_epilog_2        
0000d32e  __mspabi_func_epilog_3        
0000d32c  __mspabi_func_epilog_4        
0000d32a  __mspabi_func_epilog_5        
0000d328  __mspabi_func_epilog_6        
0000d326  __mspabi_func_epilog_7        
0000caa4  __mspabi_mpyf                 
0000d1f6  __mspabi_negd                 
0000d1ca  __mspabi_slli                 
0000d1f2  __mspabi_slli_1               
0000d1e0  __mspabi_slli_10              
0000d1de  __mspabi_slli_11              
0000d1dc  __mspabi_slli_12              
0000d1da  __mspabi_slli_13              
0000d1d8  __mspabi_slli_14              
0000d1d6  __mspabi_slli_15              
0000d1f0  __mspabi_slli_2               
0000d1ee  __mspabi_slli_3               
0000d1ec  __mspabi_slli_4               
0000d1ea  __mspabi_slli_5               
0000d1e8  __mspabi_slli_6               
0000d1e6  __mspabi_slli_7               
0000d1e4  __mspabi_slli_8               
0000d1e2  __mspabi_slli_9               
0000d316  __mspabi_slll                 
0000d108  __mspabi_slll_1               
0000d0e4  __mspabi_slll_10              
0000d0e0  __mspabi_slll_11              
0000d0dc  __mspabi_slll_12              
0000d0d8  __mspabi_slll_13              
0000d0d4  __mspabi_slll_14              
0000d0d0  __mspabi_slll_15              
0000d104  __mspabi_slll_2               
0000d100  __mspabi_slll_3               
0000d0fc  __mspabi_slll_4               
0000d0f8  __mspabi_slll_5               
0000d0f4  __mspabi_slll_6               
0000d0f0  __mspabi_slll_7               
0000d0ec  __mspabi_slll_8               
0000d0e8  __mspabi_slll_9               
0000d19e  __mspabi_srai                 
0000d1c6  __mspabi_srai_1               
0000d1b4  __mspabi_srai_10              
0000d1b2  __mspabi_srai_11              
0000d1b0  __mspabi_srai_12              
0000d1ae  __mspabi_srai_13              
0000d1ac  __mspabi_srai_14              
0000d1aa  __mspabi_srai_15              
0000d1c4  __mspabi_srai_2               
0000d1c2  __mspabi_srai_3               
0000d1c0  __mspabi_srai_4               
0000d1be  __mspabi_srai_5               
0000d1bc  __mspabi_srai_6               
0000d1ba  __mspabi_srai_7               
0000d1b8  __mspabi_srai_8               
0000d1b6  __mspabi_srai_9               
0000d306  __mspabi_sral                 
0000d0ca  __mspabi_sral_1               
0000d0a6  __mspabi_sral_10              
0000d0a2  __mspabi_sral_11              
0000d09e  __mspabi_sral_12              
0000d09a  __mspabi_sral_13              
0000d096  __mspabi_sral_14              
0000d092  __mspabi_sral_15              
0000d0c6  __mspabi_sral_2               
0000d0c2  __mspabi_sral_3               
0000d0be  __mspabi_sral_4               
0000d0ba  __mspabi_sral_5               
0000d0b6  __mspabi_sral_6               
0000d0b2  __mspabi_sral_7               
0000d0ae  __mspabi_sral_8               
0000d0aa  __mspabi_sral_9               
0000cfba  __mspabi_srli                 
0000d000  __mspabi_srli_1               
0000cfdc  __mspabi_srli_10              
0000cfd8  __mspabi_srli_11              
0000cfd4  __mspabi_srli_12              
0000cfd0  __mspabi_srli_13              
0000cfcc  __mspabi_srli_14              
0000cfc8  __mspabi_srli_15              
0000cffc  __mspabi_srli_2               
0000cff8  __mspabi_srli_3               
0000cff4  __mspabi_srli_4               
0000cff0  __mspabi_srli_5               
0000cfec  __mspabi_srli_6               
0000cfe8  __mspabi_srli_7               
0000cfe4  __mspabi_srli_8               
0000cfe0  __mspabi_srli_9               
0000d2e2  __mspabi_srll                 
0000cf58  __mspabi_srll_1               
0000cf22  __mspabi_srll_10              
0000cf1c  __mspabi_srll_11              
0000cf16  __mspabi_srll_12              
0000cf10  __mspabi_srll_13              
0000cf0a  __mspabi_srll_14              
0000cf04  __mspabi_srll_15              
0000cf52  __mspabi_srll_2               
0000cf4c  __mspabi_srll_3               
0000cf46  __mspabi_srll_4               
0000cf40  __mspabi_srll_5               
0000cf3a  __mspabi_srll_6               
0000cf34  __mspabi_srll_7               
0000cf2e  __mspabi_srll_8               
0000cf28  __mspabi_srll_9               
0000d144  __mspabi_subd                 
0000d2b4  _c_int00_noargs               
0000fffe  _reset_vector                 
000003b0  _stack                        
0000d35a  _system_post_cinit            
0000d356  _system_pre_init              
0000d350  abort                         
0000d35c  blue                          
0000d336  clearStrip                    
0000cf60  colorWheel                    
0000d360  cyan                          
0000c72a  fadeAll                       
0000d220  fillStrip                     
0000c55a  floor                         
0000c55a  floorl                        
0000d364  green                         
0000d172  initStrip                     
0000d368  magenta                       
0000d24a  main                          
0000d2f4  memcpy                        
0000d36c  red                           
0000c8ba  round                         
0000c8ba  roundl                        
0000d294  setLEDColor                   
0000ce2a  showStrip                     
0000d370  yellow                        


GLOBAL SYMBOLS: SORTED BY Symbol Address 

address   name                          
-------   ----                          
00000000  IE1                           
00000001  IE2                           
00000002  IFG1                          
00000003  IFG2                          
00000010  P3REN                         
00000018  P3IN                          
00000019  P3OUT                         
0000001a  P3DIR                         
0000001b  P3SEL                         
00000020  P1IN                          
00000021  P1OUT                         
00000022  P1DIR                         
00000023  P1IFG                         
00000024  P1IES                         
00000025  P1IE                          
00000026  P1SEL                         
00000027  P1REN                         
00000028  P2IN                          
00000029  P2OUT                         
0000002a  P2DIR                         
0000002b  P2IFG                         
0000002c  P2IES                         
0000002d  P2IE                          
0000002e  P2SEL                         
0000002f  P2REN                         
00000041  P1SEL2                        
00000042  P2SEL2                        
00000043  P3SEL2                        
00000048  ADC10DTC0                     
00000049  ADC10DTC1                     
0000004a  ADC10AE0                      
00000050  __STACK_SIZE                  
00000053  BCSCTL3                       
00000056  DCOCTL                        
00000057  BCSCTL1                       
00000058  BCSCTL2                       
00000059  CACTL1                        
0000005a  CACTL2                        
0000005b  CAPD                          
0000005d  UCA0ABCTL                     
0000005e  UCA0IRTCTL                    
0000005f  UCA0IRRCTL                    
00000060  UCA0CTL0                      
00000061  UCA0CTL1                      
00000062  UCA0BR0                       
00000063  UCA0BR1                       
00000064  UCA0MCTL                      
00000065  UCA0STAT                      
00000066  UCA0RXBUF                     
00000067  UCA0TXBUF                     
00000068  UCB0CTL0                      
00000069  UCB0CTL1                      
0000006a  UCB0BR0                       
0000006b  UCB0BR1                       
0000006c  UCB0I2CIE                     
0000006d  UCB0STAT                      
0000006e  UCB0RXBUF                     
0000006f  UCB0TXBUF                     
00000118  UCB0I2COA                     
0000011a  UCB0I2CSA                     
0000011e  TA1IV                         
00000120  WDTCTL                        
00000128  FCTL1                         
0000012a  FCTL2                         
0000012c  FCTL3                         
0000012e  TA0IV                         
00000160  TA0CTL                        
00000162  TA0CCTL0                      
00000164  TA0CCTL1                      
00000166  TA0CCTL2                      
00000170  TA0R                          
00000172  TA0CCR0                       
00000174  TA0CCR1                       
00000176  TA0CCR2                       
00000180  TA1CTL                        
00000182  TA1CCTL0                      
00000184  TA1CCTL1                      
00000186  TA1CCTL2                      
00000190  TA1R                          
00000192  TA1CCR0                       
00000194  TA1CCR1                       
00000196  TA1CCR2                       
000001b0  ADC10CTL0                     
000001b2  ADC10CTL1                     
000001b4  ADC10MEM                      
000001bc  ADC10SA                       
000003b0  _stack                        
00000400  __STACK_END                   
000010c0  TLV_CHECKSUM                  
000010da  TLV_ADC10_1_TAG               
000010db  TLV_ADC10_1_LEN               
000010f6  TLV_DCO_30_TAG                
000010f7  TLV_DCO_30_LEN                
000010f8  CALDCO_16MHZ                  
000010f9  CALBC1_16MHZ                  
000010fa  CALDCO_12MHZ                  
000010fb  CALBC1_12MHZ                  
000010fc  CALDCO_8MHZ                   
000010fd  CALBC1_8MHZ                   
000010fe  CALDCO_1MHZ                   
000010ff  CALBC1_1MHZ                   
0000c000  __mspabi_addd                 
0000c2fa  __TI_frcaddd                  
0000c55a  floor                         
0000c55a  floorl                        
0000c72a  fadeAll                       
0000c8ba  round                         
0000c8ba  roundl                        
0000c9c8  __mspabi_cmpd                 
0000caa4  __mspabi_mpyf                 
0000cb68  __TI_renormd                  
0000cc26  __mspabi_cvtdf                
0000ccb2  __mspabi_fltuld               
0000cd3c  __TI_decompress_lzss          
0000cdb8  __mspabi_cvtfd                
0000ce2a  showStrip                     
0000ce9c  __mspabi_fixfi                
0000cf04  __mspabi_srll_15              
0000cf0a  __mspabi_srll_14              
0000cf10  __mspabi_srll_13              
0000cf16  __mspabi_srll_12              
0000cf1c  __mspabi_srll_11              
0000cf22  __mspabi_srll_10              
0000cf28  __mspabi_srll_9               
0000cf2e  __mspabi_srll_8               
0000cf34  __mspabi_srll_7               
0000cf3a  __mspabi_srll_6               
0000cf40  __mspabi_srll_5               
0000cf46  __mspabi_srll_4               
0000cf4c  __mspabi_srll_3               
0000cf52  __mspabi_srll_2               
0000cf58  __mspabi_srll_1               
0000cf60  colorWheel                    
0000cfba  __mspabi_srli                 
0000cfc8  __mspabi_srli_15              
0000cfcc  __mspabi_srli_14              
0000cfd0  __mspabi_srli_13              
0000cfd4  __mspabi_srli_12              
0000cfd8  __mspabi_srli_11              
0000cfdc  __mspabi_srli_10              
0000cfe0  __mspabi_srli_9               
0000cfe4  __mspabi_srli_8               
0000cfe8  __mspabi_srli_7               
0000cfec  __mspabi_srli_6               
0000cff0  __mspabi_srli_5               
0000cff4  __mspabi_srli_4               
0000cff8  __mspabi_srli_3               
0000cffc  __mspabi_srli_2               
0000d000  __mspabi_srli_1               
0000d006  __mspabi_cmpf                 
0000d050  __TI_auto_init_nobinit_nopinit
0000d092  __mspabi_sral_15              
0000d096  __mspabi_sral_14              
0000d09a  __mspabi_sral_13              
0000d09e  __mspabi_sral_12              
0000d0a2  __mspabi_sral_11              
0000d0a6  __mspabi_sral_10              
0000d0aa  __mspabi_sral_9               
0000d0ae  __mspabi_sral_8               
0000d0b2  __mspabi_sral_7               
0000d0b6  __mspabi_sral_6               
0000d0ba  __mspabi_sral_5               
0000d0be  __mspabi_sral_4               
0000d0c2  __mspabi_sral_3               
0000d0c6  __mspabi_sral_2               
0000d0ca  __mspabi_sral_1               
0000d0d0  __mspabi_slll_15              
0000d0d4  __mspabi_slll_14              
0000d0d8  __mspabi_slll_13              
0000d0dc  __mspabi_slll_12              
0000d0e0  __mspabi_slll_11              
0000d0e4  __mspabi_slll_10              
0000d0e8  __mspabi_slll_9               
0000d0ec  __mspabi_slll_8               
0000d0f0  __mspabi_slll_7               
0000d0f4  __mspabi_slll_6               
0000d0f8  __mspabi_slll_5               
0000d0fc  __mspabi_slll_4               
0000d100  __mspabi_slll_3               
0000d104  __mspabi_slll_2               
0000d108  __mspabi_slll_1               
0000d10e  __mspabi_fltif                
0000d144  __mspabi_subd                 
0000d172  initStrip                     
0000d19e  __mspabi_srai                 
0000d1aa  __mspabi_srai_15              
0000d1ac  __mspabi_srai_14              
0000d1ae  __mspabi_srai_13              
0000d1b0  __mspabi_srai_12              
0000d1b2  __mspabi_srai_11              
0000d1b4  __mspabi_srai_10              
0000d1b6  __mspabi_srai_9               
0000d1b8  __mspabi_srai_8               
0000d1ba  __mspabi_srai_7               
0000d1bc  __mspabi_srai_6               
0000d1be  __mspabi_srai_5               
0000d1c0  __mspabi_srai_4               
0000d1c2  __mspabi_srai_3               
0000d1c4  __mspabi_srai_2               
0000d1c6  __mspabi_srai_1               
0000d1ca  __mspabi_slli                 
0000d1d6  __mspabi_slli_15              
0000d1d8  __mspabi_slli_14              
0000d1da  __mspabi_slli_13              
0000d1dc  __mspabi_slli_12              
0000d1de  __mspabi_slli_11              
0000d1e0  __mspabi_slli_10              
0000d1e2  __mspabi_slli_9               
0000d1e4  __mspabi_slli_8               
0000d1e6  __mspabi_slli_7               
0000d1e8  __mspabi_slli_6               
0000d1ea  __mspabi_slli_5               
0000d1ec  __mspabi_slli_4               
0000d1ee  __mspabi_slli_3               
0000d1f0  __mspabi_slli_2               
0000d1f2  __mspabi_slli_1               
0000d1f6  __mspabi_negd                 
0000d220  fillStrip                     
0000d24a  main                          
0000d270  __mspabi_fltuf                
0000d294  setLEDColor                   
0000d2b4  _c_int00_noargs               
0000d2d0  __TI_decompress_none          
0000d2e2  __mspabi_srll                 
0000d2f4  memcpy                        
0000d306  __mspabi_sral                 
0000d316  __mspabi_slll                 
0000d326  __mspabi_func_epilog_7        
0000d328  __mspabi_func_epilog_6        
0000d32a  __mspabi_func_epilog_5        
0000d32c  __mspabi_func_epilog_4        
0000d32e  __mspabi_func_epilog_3        
0000d330  __mspabi_func_epilog_2        
0000d332  __mspabi_func_epilog_1        
0000d336  clearStrip                    
0000d342  __TI_ISR_TRAP                 
0000d34a  __mspabi_fltud                
0000d350  C$$EXIT                       
0000d350  abort                         
0000d356  _system_pre_init              
0000d35a  _system_post_cinit            
0000d35c  blue                          
0000d360  cyan                          
0000d364  green                         
0000d368  magenta                       
0000d36c  red                           
0000d370  yellow                        
0000d37e  __TI_Handler_Table_Base       
0000d382  __TI_CINIT_Base               
0000d382  __TI_Handler_Table_Limit      
0000d386  __TI_CINIT_Limit              
0000ffe0  __TI_int00                    
0000ffe4  __TI_int02                    
0000ffe6  __TI_int03                    
0000ffea  __TI_int05                    
0000ffec  __TI_int06                    
0000ffee  __TI_int07                    
0000fff0  __TI_int08                    
0000fff2  __TI_int09                    
0000fff4  __TI_int10                    
0000fff6  __TI_int11                    
0000fff8  __TI_int12                    
0000fffa  __TI_int13                    
0000fffc  __TI_int14                    
0000fffe  _reset_vector                 
ffffffff  __TI_pprof_out_hndl           
ffffffff  __TI_prof_data_size           
ffffffff  __TI_prof_data_start          
ffffffff  __c_args__                    

[269 symbols]
